Component: ARM Compiler 5.06 update 6 (build 750) Tool: armlink [4d35ed]

==============================================================================

Section Cross References

    main.o(i.main) refers to bsp.o(i.bsp_Init) for bsp_Init
    main.o(i.main) refers to bsp_led.o(i.shephardlabparty_start) for shephardlabparty_start
    main.o(i.main) refers to bsp_tft.o(i.LCD_Clear) for LCD_Clear
    main.o(i.main) refers to snake.o(i.Init_SNAKE) for Init_SNAKE
    main.o(i.main) refers to guess.o(i.Init_GUESSNUM) for Init_GUESSNUM
    main.o(i.main) refers to bsp_timer.o(i.bsp_StartAutoTimer) for bsp_StartAutoTimer
    main.o(i.main) refers to bsp.o(i.bsp_Idle) for bsp_Idle
    main.o(i.main) refers to bsp_tft.o(i.LCD_setTextColor) for LCD_setTextColor
    main.o(i.main) refers to bsp_tft.o(i.LCD_text) for LCD_text
    main.o(i.main) refers to bsp_key.o(i.bsp_GetKey) for bsp_GetKey
    main.o(i.main) refers to snake.o(i.RUN_SNK) for RUN_SNK
    main.o(i.main) refers to guess.o(i.RUN_GUESS) for RUN_GUESS
    main.o(i.main) refers to main.o(.data) for game_sel
    main.o(i.main) refers to snake.o(.data) for Key_Value
    main.o(.ARM.exidx) refers to main.o(i.main) for i.main
    bsp_led.o(i.LED_SPI_LowLevel_Init) refers to stm32f10x_rcc.o(i.RCC_AHBPeriphClockCmd) for RCC_AHBPeriphClockCmd
    bsp_led.o(i.LED_SPI_LowLevel_Init) refers to stm32f10x_rcc.o(i.RCC_APB2PeriphClockCmd) for RCC_APB2PeriphClockCmd
    bsp_led.o(i.LED_SPI_LowLevel_Init) refers to stm32f10x_rcc.o(i.RCC_APB1PeriphClockCmd) for RCC_APB1PeriphClockCmd
    bsp_led.o(i.LED_SPI_LowLevel_Init) refers to stm32f10x_dma.o(i.DMA_DeInit) for DMA_DeInit
    bsp_led.o(i.LED_SPI_LowLevel_Init) refers to stm32f10x_dma.o(i.DMA_Init) for DMA_Init
    bsp_led.o(i.LED_SPI_LowLevel_Init) refers to stm32f10x_gpio.o(i.GPIO_Init) for GPIO_Init
    bsp_led.o(i.LED_SPI_LowLevel_Init) refers to stm32f10x_spi.o(i.SPI_I2S_DeInit) for SPI_I2S_DeInit
    bsp_led.o(i.LED_SPI_LowLevel_Init) refers to stm32f10x_spi.o(i.SPI_Init) for SPI_Init
    bsp_led.o(i.LED_SPI_LowLevel_Init) refers to stm32f10x_spi.o(i.SPI_I2S_DMACmd) for SPI_I2S_DMACmd
    bsp_led.o(i.LED_SPI_LowLevel_Init) refers to stm32f10x_spi.o(i.SPI_Cmd) for SPI_Cmd
    bsp_led.o(i.LED_SPI_LowLevel_Init) refers to bsp_led.o(.bss) for PixelBuffer
    bsp_led.o(i.LED_SPI_LowLevel_Init) refers to bsp_led.o(.data) for PixelPointer
    bsp_led.o(i.LED_SPI_SendBits) refers to bsp_led.o(i.LED_SPI_WriteByte) for LED_SPI_WriteByte
    bsp_led.o(i.LED_SPI_SendPixel) refers to bsp_led.o(i.LED_SPI_SendBits) for LED_SPI_SendBits
    bsp_led.o(i.LED_SPI_Update) refers to stm32f10x_dma.o(i.DMA_GetCurrDataCounter) for DMA_GetCurrDataCounter
    bsp_led.o(i.LED_SPI_Update) refers to bsp_led.o(i.LED_SPI_SendPixel) for LED_SPI_SendPixel
    bsp_led.o(i.LED_SPI_Update) refers to bsp_led.o(i.LED_SPI_SendBits) for LED_SPI_SendBits
    bsp_led.o(i.LED_SPI_Update) refers to bsp_led.o(i.LED_SPI_WriteByte) for LED_SPI_WriteByte
    bsp_led.o(i.LED_SPI_Update) refers to stm32f10x_dma.o(i.DMA_Cmd) for DMA_Cmd
    bsp_led.o(i.LED_SPI_Update) refers to stm32f10x_dma.o(i.DMA_ClearFlag) for DMA_ClearFlag
    bsp_led.o(i.LED_SPI_Update) refers to stm32f10x_dma.o(i.DMA_SetCurrDataCounter) for DMA_SetCurrDataCounter
    bsp_led.o(i.LED_SPI_Update) refers to bsp_led.o(.data) for PixelPointer
    bsp_led.o(i.LED_SPI_WriteByte) refers to bsp_led.o(.bss) for PixelBuffer
    bsp_led.o(i.LED_SPI_WriteByte) refers to bsp_led.o(.data) for PixelPointer
    bsp_led.o(i.shephardlabparty_start) refers to bsp_tft.o(i.LCD_Clear) for LCD_Clear
    bsp_led.o(i.shephardlabparty_start) refers to bsp_tft.o(i.LCD_setTextColor) for LCD_setTextColor
    bsp_led.o(i.shephardlabparty_start) refers to bsp_tft.o(i.LCD_setTextSize) for LCD_setTextSize
    bsp_led.o(i.shephardlabparty_start) refers to bsp_adc.o(i.bsp_GetAdc_Average) for bsp_GetAdc_Average
    bsp_led.o(i.shephardlabparty_start) refers to rand.o(.text) for srand
    bsp_led.o(i.shephardlabparty_start) refers to bsp_tft.o(i.LCD_textWrap) for LCD_textWrap
    bsp_led.o(i.shephardlabparty_start) refers to bsp_tft.o(i.LCD_DrawFastHLine) for LCD_DrawFastHLine
    bsp_led.o(i.shephardlabparty_start) refers to image2lcd.o(i.image_display) for image_display
    bsp_led.o(i.shephardlabparty_start) refers to bsp_led.o(i.ws2812_theaterChaseRainbow) for ws2812_theaterChaseRainbow
    bsp_led.o(i.shephardlabparty_start) refers to bsp_led.o(i.ws2812_clear) for ws2812_clear
    bsp_led.o(i.shephardlabparty_start) refers to bsp_led.o(.constdata) for gImage_kj
    bsp_led.o(i.ws2812_clear) refers to bsp_led.o(i.LED_SPI_Update) for LED_SPI_Update
    bsp_led.o(i.ws2812_clear) refers to bsp_led.o(.bss) for ws2812_temp
    bsp_led.o(i.ws2812_colorWipe) refers to bsp_led.o(i.ws2812_setPixelColor) for ws2812_setPixelColor
    bsp_led.o(i.ws2812_colorWipe) refers to bsp_led.o(i.LED_SPI_Update) for LED_SPI_Update
[...]
    i.ws2812_setPixelColor                   0x08004d3c   Section        0  bsp_led.o(i.ws2812_setPixelColor)
    i.ws2812_theaterChaseRainbow             0x08004d88   Section        0  bsp_led.o(i.ws2812_theaterChaseRainbow)
    i.ws2812_wheel                           0x08004e00   Section        0  bsp_led.o(i.ws2812_wheel)
    locale$$code                             0x08004e60   Section       44  lc_ctype_c.o(locale$$code)
    .constdata                               0x08004e8c   Section    40968  bsp_led.o(.constdata)
    .constdata                               0x0800ee94   Section       48  bsp_timer.o(.constdata)
    __FUNCTION__                             0x0800ee94   Data          15  bsp_timer.o(.constdata)
    __FUNCTION__                             0x0800eea3   Data          19  bsp_timer.o(.constdata)
    __FUNCTION__                             0x0800eeb6   Data          14  bsp_timer.o(.constdata)
    .constdata                               0x0800eec4   Section     1275  bsp_tft.o(.constdata)
    font                                     0x0800eec4   Data        1275  bsp_tft.o(.constdata)
    .constdata                               0x0800f3c0   Section        8  _printf_wctomb.o(.constdata)
    initial_mbstate                          0x0800f3c0   Data           8  _printf_wctomb.o(.constdata)
    .constdata                               0x0800f3c8   Section       40  _printf_hex_int.o(.constdata)
    uc_hextab                                0x0800f3c8   Data          20  _printf_hex_int.o(.constdata)
    lc_hextab                                0x0800f3dc   Data          20  _printf_hex_int.o(.constdata)
    .constdata                               0x0800f3f0   Section       17  __printf_flags_ss_wp.o(.constdata)
    maptable                                 0x0800f3f0   Data          17  __printf_flags_ss_wp.o(.constdata)
    locale$$data                             0x0800f424   Section      272  lc_ctype_c.o(locale$$data)
    __lcctype_c_name                         0x0800f428   Data           2  lc_ctype_c.o(locale$$data)
    __lcctype_c_start                        0x0800f430   Data           0  lc_ctype_c.o(locale$$data)
    __lcctype_c_end                          0x0800f534   Data           0  lc_ctype_c.o(locale$$data)
    .data                                    0x20000000   Section        1  main.o(.data)
    .data                                    0x20000004   Section        8  bsp_led.o(.data)
    lastTime                                 0x20000008   Data           4  bsp_led.o(.data)
    .data                                    0x2000000c   Section       29  bsp_timer.o(.data)
    s_uiDelayCount                           0x2000000c   Data           4  bsp_timer.o(.data)
    s_ucTimeOutFlag                          0x20000010   Data           1  bsp_timer.o(.data)
    s_TIM_CallBack1                          0x20000018   Data           4  bsp_timer.o(.data)
    s_TIM_CallBack2                          0x2000001c   Data           4  bsp_timer.o(.data)
    s_TIM_CallBack3                          0x20000020   Data           4  bsp_timer.o(.data)
    s_TIM_CallBack4                          0x20000024   Data           4  bsp_timer.o(.data)
    s_count                                  0x20000028   Data           1  bsp_timer.o(.data)
    .data                                    0x2000002c   Section        8  bsp_uart_fifo.o(.data)
    .data                                    0x20000034   Section       14  bsp_tft.o(.data)
    .data                                    0x20000042   Section        6  snake.o(.data)
    snake_flag                               0x20000044   Data           1  snake.o(.data)
    .data                                    0x20000048   Section       14  guess.o(.data)
    n_pos                                    0x20000048   Data           1  guess.o(.data)
    highsc_temp                              0x2000004a   Data           2  guess.o(.data)
    guess                                    0x2000004c   Data           4  guess.o(.data)
    rand_num                                 0x20000050   Data           4  guess.o(.data)
    guess_time                               0x20000054   Data           1  guess.o(.data)
    guess_flag                               0x20000055   Data           1  guess.o(.data)
    .data                                    0x20000056   Section       20  stm32f10x_rcc.o(.data)
    APBAHBPrescTable                         0x20000056   Data          16  stm32f10x_rcc.o(.data)
    ADCPrescTable                            0x20000066   Data           4  stm32f10x_rcc.o(.data)
    .data                                    0x2000006c   Section       20  system_stm32f10x.o(.data)
    .bss                                     0x20000080   Section      536  bsp_led.o(.bss)
    .bss                                     0x20000298   Section       48  bsp_timer.o(.bss)
    s_tTmr                                   0x20000298   Data          48  bsp_timer.o(.bss)
    .bss                                     0x200002c8   Section      173  bsp_key.o(.bss)
    s_tBtn                                   0x200002c8   Data         160  bsp_key.o(.bss)
    s_tKey                                   0x20000368   Data          13  bsp_key.o(.bss)
    .bss                                     0x20000378   Section     6264  bsp_uart_fifo.o(.bss)
    g_tUart1                                 0x20000378   Data          40  bsp_uart_fifo.o(.bss)
    g_TxBuf1                                 0x200003a0   Data        1024  bsp_uart_fifo.o(.bss)
    g_RxBuf1                                 0x200007a0   Data        1024  bsp_uart_fifo.o(.bss)
    g_tUart2                                 0x20000ba0   Data          40  bsp_uart_fifo.o(.bss)
    g_TxBuf2                                 0x20000bc8   Data        1024  bsp_uart_fifo.o(.bss)
    g_RxBuf2                                 0x20000fc8   Data        1024  bsp_uart_fifo.o(.bss)
    g_tUart3                                 0x200013c8   Data          40  bsp_uart_fifo.o(.bss)
    g_TxBuf3                                 0x200013f0   Data        1024  bsp_uart_fifo.o(.bss)
    g_RxBuf3                                 0x200017f0   Data        1024  bsp_uart_fifo.o(.bss)
    .bss                                     0x20001bf0   Section       22  bsp_tft.o(.bss)
    .bss                                     0x20001c06   Section       24  snake.o(.bss)
    .bss                                     0x20001c20   Section      228  rand.o(.bss)
    .bss                                     0x20001d04   Section       96  libspace.o(.bss)
    HEAP                                     0x20001d68   Section      512  startup_stm32f10x_md.o(HEAP)
    Heap_Mem                                 0x20001d68   Data         512  startup_stm32f10x_md.o(HEAP)
    STACK                                    0x20001f68   Section     1024  startup_stm32f10x_md.o(STACK)
    Stack_Mem                                0x20001f68   Data        1024  startup_stm32f10x_md.o(STACK)
    __initial_sp                             0x20002368   Data           0  startup_stm32f10x_md.o(STACK)

    Global Symbols

    Symbol Name                              Value     Ov Type        Size  Object(Section)

    BuildAttributes$$THM_ISAv4$P$D$K$B$S$PE$A:L22UL41UL21$X:L11$S22US41US21$IEEE1$IW$USESV6$~STKCKD$USESV7$~SHL$OSPACE$ROPI$EBA8$UX$STANDARDLIB$REQ8$PRES8$EABIv2 0x00000000   Number         0  anon$$obj.o ABSOLUTE
    __ARM_use_no_argv                        0x00000000   Number         0  main.o ABSOLUTE
    _printf_flags                            0x00000000   Number         0  printf_stubs.o ABSOLUTE
    _printf_return_value                     0x00000000   Number         0  printf_stubs.o ABSOLUTE
    _printf_sizespec                         0x00000000   Number         0  printf_stubs.o ABSOLUTE
    _printf_widthprec                        0x00000000   Number         0  printf_stubs.o ABSOLUTE
    __ARM_exceptions_init                     - Undefined Weak Reference
    __alloca_initialize                       - Undefined Weak Reference
    __arm_preinit_                            - Undefined Weak Reference
    __cpp_initialize__aeabi_                  - Undefined Weak Reference
    __cxa_finalize                            - Undefined Weak Reference
    __sigvec_lookup                           - Undefined Weak Reference
    _atexit_init                              - Undefined Weak Reference
    _call_atexit_fns                          - Undefined Weak Reference
    _clock_init                               - Undefined Weak Reference
    _fp_trap_init                             - Undefined Weak Reference
    _fp_trap_shutdown                         - Undefined Weak Reference
    _get_lc_collate                           - Undefined Weak Reference
    _get_lc_monetary                          - Undefined Weak Reference
    _get_lc_numeric                           - Undefined Weak Reference
    _get_lc_time                              - Undefined Weak Reference
    _getenv_init                              - Undefined Weak Reference
    _handle_redirection                       - Undefined Weak Reference
    _init_alloc                               - Undefined Weak Reference
    _init_user_alloc                          - Undefined Weak Reference
    _initio                                   - Undefined Weak Reference
    _mutex_acquire                            - Undefined Weak Reference
    _mutex_release                            - Undefined Weak Reference
    _printf_mbtowc                            - Undefined Weak Reference
    _printf_wc                                - Undefined Weak Reference
    _signal_finish                            - Undefined Weak Reference
    _signal_init                              - Undefined Weak Reference
    _terminate_alloc                          - Undefined Weak Reference
    _terminate_user_alloc                     - Undefined Weak Reference
    _terminateio                              - Undefined Weak Reference
    __Vectors_Size                           0x000000ec   Number         0  startup_stm32f10x_md.o ABSOLUTE
    __Vectors                                0x08000000   Data           4  startup_stm32f10x_md.o(RESET)
    __Vectors_End                            0x080000ec   Data           0  startup_stm32f10x_md.o(RESET)
    __main                                   0x080000ed   Thumb Code     8  __main.o(!!!main)
    __scatterload                            0x080000f5   Thumb Code     0  __scatter.o(!!!scatter)
    __scatterload_rt2                        0x080000f5   Thumb Code    44  __scatter.o(!!!scatter)
    __scatterload_rt2_thumb_only             0x080000f5   Thumb Code     0  __scatter.o(!!!scatter)
    __scatterload_null                       0x08000103   Thumb Code     0  __scatter.o(!!!scatter)
    __scatterload_copy                       0x08000129   Thumb Code    26  __scatter_copy.o(!!handler_copy)
    __scatterload_zeroinit                   0x08000145   Thumb Code    28  __scatter_zi.o(!!handler_zi)
    _printf_i                                0x08000161   Thumb Code     0  _printf_i.o(.ARM.Collect$$_printf_percent$$00000008)
    _printf_percent                          0x08000161   Thumb Code     0  _printf_percent.o(.ARM.Collect$$_printf_percent$$00000000)
    _printf_d                                0x08000167   Thumb Code     0  _printf_d.o(.ARM.Collect$$_printf_percent$$00000009)
    _printf_u                                0x0800016d   Thumb Code     0  _printf_u.o(.ARM.Collect$$_printf_percent$$0000000A)
    _printf_o                                0x08000173   Thumb Code     0  _printf_o.o(.ARM.Collect$$_printf_percent$$0000000B)
    _printf_x                                0x08000179   Thumb Code     0  _printf_x.o(.ARM.Collect$$_printf_percent$$0000000C)
    _printf_l                                0x0800017f   Thumb Code     0  _printf_l.o(.ARM.Collect$$_printf_percent$$00000012)
    _printf_c                                0x08000189   Thumb Code     0  _printf_c.o(.ARM.Collect$$_printf_percent$$00000013)
    _printf_s                                0x0800018f   Thumb Code     0  _printf_s.o(.ARM.Collect$$_printf_percent$$00000014)
    _printf_lc                               0x08000195   Thumb Code     0  _printf_lc.o(.ARM.Collect$$_printf_percent$$00000015)
    _printf_percent_end                      0x0800019b   Thumb Code     0  _printf_percent_end.o(.ARM.Collect$$_printf_percent$$00000017)
    __rt_lib_init                            0x0800019f   Thumb Code     0  libinit.o(.ARM.Collect$$libinit$$00000000)
    __rt_lib_init_fp_1                       0x080001a1   Thumb Code     0  libinit2.o(.ARM.Collect$$libinit$$00000002)
    __rt_lib_init_heap_1                     0x080001a1   Thumb Code     0  libinit2.o(.ARM.Collect$$libinit$$0000000A)
    __rt_lib_init_preinit_1                  0x080001a1   Thumb Code     0  libinit2.o(.ARM.Collect$$libinit$$00000004)
    __rt_lib_init_rand_2                     0x080001a1   Thumb Code     0  libinit2.o(.ARM.Collect$$libinit$$0000000D)
    __rt_lib_init_user_alloc_1               0x080001a1   Thumb Code     0  libinit2.o(.ARM.Collect$$libinit$$0000000C)
    __rt_lib_init_lc_common                  0x080001a5   Thumb Code     0  libinit2.o(.ARM.Collect$$libinit$$0000000F)
    __rt_lib_init_rand_1                     0x080001a5   Thumb Code     0  libinit2.o(.ARM.Collect$$libinit$$0000000E)
    __rt_lib_init_lc_collate_1               0x080001ab   Thumb Code     0  libinit2.o(.ARM.Collect$$libinit$$00000011)
    __rt_lib_init_lc_ctype_2                 0x080001ab   Thumb Code     0  libinit2.o(.ARM.Collect$$libinit$$00000012)
    __rt_lib_init_alloca_1                   0x080001b7   Thumb Code     0  libinit2.o(.ARM.Collect$$libinit$$0000002E)
    __rt_lib_init_argv_1                     0x080001b7   Thumb Code     0  libinit2.o(.ARM.Collect$$libinit$$0000002C)
    __rt_lib_init_atexit_1                   0x080001b7   Thumb Code     0  libinit2.o(.ARM.Collect$$libinit$$0000001B)
    __rt_lib_init_clock_1                    0x080001b7   Thumb Code     0  libinit2.o(.ARM.Collect$$libinit$$00000021)
    __rt_lib_init_cpp_1                      0x080001b7   Thumb Code     0  libinit2.o(.ARM.Collect$$libinit$$00000032)
    __rt_lib_init_exceptions_1               0x080001b7   Thumb Code     0  libinit2.o(.ARM.Collect$$libinit$$00000030)
    __rt_lib_init_fp_trap_1                  0x080001b7   Thumb Code     0  libinit2.o(.ARM.Collect$$libinit$$0000001F)
    __rt_lib_init_getenv_1                   0x080001b7   Thumb Code     0  libinit2.o(.ARM.Collect$$libinit$$00000023)
    __rt_lib_init_lc_ctype_1                 0x080001b7   Thumb Code     0  libinit2.o(.ARM.Collect$$libinit$$00000013)
    __rt_lib_init_lc_monetary_1              0x080001b7   Thumb Code     0  libinit2.o(.ARM.Collect$$libinit$$00000015)
    __rt_lib_init_lc_numeric_1               0x080001b7   Thumb Code     0  libinit2.o(.ARM.Collect$$libinit$$00000017)
    __rt_lib_init_lc_time_1                  0x080001b7   Thumb Code     0  libinit2.o(.ARM.Collect$$libinit$$00000019)
    __rt_lib_init_return                     0x080001b7   Thumb Code     0  libinit2.o(.ARM.Collect$$libinit$$00000033)
    __rt_lib_init_signal_1                   0x080001b7   Thumb Code     0  libinit2.o(.ARM.Collect$$libinit$$0000001D)
    __rt_lib_init_stdio_1                    0x080001b7   Thumb Code     0  libinit2.o(.ARM.Collect$$libinit$$00000025)
    __rt_lib_shutdown                        0x080001b9   Thumb Code     0  libshutdown.o(.ARM.Collect$$libshutdown$$00000000)
    __rt_lib_shutdown_cpp_1                  0x080001bb   Thumb Code     0  libshutdown2.o(.ARM.Collect$$libshutdown$$00000002)
    __rt_lib_shutdown_fp_trap_1              0x080001bb   Thumb Code     0  libshutdown2.o(.ARM.Collect$$libshutdown$$00000007)
    __rt_lib_shutdown_heap_1                 0x080001bb   Thumb Code     0  libshutdown2.o(.ARM.Collect$$libshutdown$$0000000F)
    __rt_lib_shutdown_return                 0x080001bb   Thumb Code     0  libshutdown2.o(.ARM.Collect$$libshutdown$$00000010)
    __rt_lib_shutdown_signal_1               0x080001bb   Thumb Code     0  libshutdown2.o(.ARM.Collect$$libshutdown$$0000000A)
    __rt_lib_shutdown_stdio_1                0x080001bb   Thumb Code     0  libshutdown2.o(.ARM.Collect$$libshutdown$$00000004)
    __rt_lib_shutdown_user_alloc_1           0x080001bb   Thumb Code     0  libshutdown2.o(.ARM.Collect$$libshutdown$$0000000C)
    __rt_entry                               0x080001bd   Thumb Code     0  __rtentry.o(.ARM.Collect$$rtentry$$00000000)
    __rt_entry_presh_1                       0x080001bd   Thumb Code     0  __rtentry2.o(.ARM.Collect$$rtentry$$00000002)
    __rt_entry_sh                            0x080001bd   Thumb Code     0  __rtentry4.o(.ARM.Collect$$rtentry$$00000004)
    __rt_entry_li                            0x080001c3   Thumb Code     0  __rtentry2.o(.ARM.Collect$$rtentry$$0000000A)
    __rt_entry_postsh_1                      0x080001c3   Thumb Code     0  __rtentry2.o(.ARM.Collect$$rtentry$$00000009)
    __rt_entry_main                          0x080001c7   Thumb Code     0  __rtentry2.o(.ARM.Collect$$rtentry$$0000000D)
    __rt_entry_postli_1                      0x080001c7   Thumb Code     0  __rtentry2.o(.ARM.Collect$$rtentry$$0000000C)
    __rt_exit                                0x080001cf   Thumb Code     0  rtexit.o(.ARM.Collect$$rtexit$$00000000)
    __rt_exit_ls                             0x080001d1   Thumb Code     0  rtexit2.o(.ARM.Collect$$rtexit$$00000003)
    __rt_exit_prels_1                        0x080001d1   Thumb Code     0  rtexit2.o(.ARM.Collect$$rtexit$$00000002)
    __rt_exit_exit                           0x080001d5   Thumb Code     0  rtexit2.o(.ARM.Collect$$rtexit$$00000004)
    rand                                     0x080001dd   Thumb Code    48  rand.o(.emb_text)
    Reset_Handler                            0x08000211   Thumb Code     8  startup_stm32f10x_md.o(.text)
    ADC1_2_IRQHandler                        0x0800022b   Thumb Code     0  startup_stm32f10x_md.o(.text)
    CAN1_RX1_IRQHandler                      0x0800022b   Thumb Code     0  startup_stm32f10x_md.o(.text)
    CAN1_SCE_IRQHandler                      0x0800022b   Thumb Code     0  startup_stm32f10x_md.o(.text)
    DMA1_Channel1_IRQHandler                 0x0800022b   Thumb Code     0  startup_stm32f10x_md.o(.text)
    DMA1_Channel2_IRQHandler                 0x0800022b   Thumb Code     0  startup_stm32f10x_md.o(.text)
    DMA1_Channel3_IRQHandler                 0x0800022b   Thumb Code     0  startup_stm32f10x_md.o(.text)
    DMA1_Channel4_IRQHandler                 0x0800022b   Thumb Code     0  startup_stm32f10x_md.o(.text)
    DMA1_Channel5_IRQHandler                 0x0800022b   Thumb Code     0  startup_stm32f10x_md.o(.text)
    DMA1_Channel6_IRQHandler                 0x0800022b   Thumb Code     0  startup_stm32f10x_md.o(.text)
    DMA1_Channel7_IRQHandler                 0x0800022b   Thumb Code     0  startup_stm32f10x_md.o(.text)
    EXTI0_IRQHandler                         0x0800022b   Thumb Code     0  startup_stm32f10x_md.o(.text)
    EXTI15_10_IRQHandler                     0x0800022b   Thumb Code     0  startup_stm32f10x_md.o(.text)
    EXTI1_IRQHandler                         0x0800022b   Thumb Code     0  startup_stm32f10x_md.o(.text)
    EXTI2_IRQHandler                         0x0800022b   Thumb Code     0  startup_stm32f10x_md.o(.text)
    EXTI3_IRQHandler                         0x0800022b   Thumb Code     0  startup_stm32f10x_md.o(.text)
    EXTI4_IRQHandler                         0x0800022b   Thumb Code     0  startup_stm32f10x_md.o(.text)
    EXTI9_5_IRQHandler                       0x0800022b   Thumb Code     0  startup_stm32f10x_md.o(.text)
    FLASH_IRQHandler                         0x0800022b   Thumb Code     0  startup_stm32f10x_md.o(.text)
    I2C1_ER_IRQHandler                       0x0800022b   Thumb Code     0  startup_stm32f10x_md.o(.text)
    I2C1_EV_IRQHandler                       0x0800022b   Thumb Code     0  startup_stm32f10x_md.o(.text)
    I2C2_ER_IRQHandler                       0x0800022b   Thumb Code     0  startup_stm32f10x_md.o(.text)
    I2C2_EV_IRQHandler                       0x0800022b   Thumb Code     0  startup_stm32f10x_md.o(.text)
    PVD_IRQHandler                           0x0800022b   Thumb Code     0  startup_stm32f10x_md.o(.text)
    RCC_IRQHandler                           0x0800022b   Thumb Code     0  startup_stm32f10x_md.o(.text)
    RTCAlarm_IRQHandler                      0x0800022b   Thumb Code     0  startup_stm32f10x_md.o(.text)
    RTC_IRQHandler                           0x0800022b   Thumb Code     0  startup_stm32f10x_md.o(.text)
    SPI1_IRQHandler                          0x0800022b   Thumb Code     0  startup_stm32f10x_md.o(.text)
    SPI2_IRQHandler                          0x0800022b   Thumb Code     0  startup_stm32f10x_md.o(.text)
    TAMPER_IRQHandler                        0x0800022b   Thumb Code     0  startup_stm32f10x_md.o(.text)
    TIM1_BRK_IRQHandler                      0x0800022b   Thumb Code     0  startup_stm32f10x_md.o(.text)
    TIM1_CC_IRQHandler                       0x0800022b   Thumb Code     0  startup_stm32f10x_md.o(.text)
    TIM1_TRG_COM_IRQHandler                  0x0800022b   Thumb Code     0  startup_stm32f10x_md.o(.text)
    TIM1_UP_IRQHandler                       0x0800022b   Thumb Code     0  startup_stm32f10x_md.o(.text)
    TIM3_IRQHandler                          0x0800022b   Thumb Code     0  startup_stm32f10x_md.o(.text)
    TIM4_IRQHandler                          0x0800022b   Thumb Code     0  startup_stm32f10x_md.o(.text)
    USBWakeUp_IRQHandler                     0x0800022b   Thumb Code     0  startup_stm32f10x_md.o(.text)
    USB_HP_CAN1_TX_IRQHandler                0x0800022b   Thumb Code     0  startup_stm32f10x_md.o(.text)
    WWDG_IRQHandler                          0x0800022b   Thumb Code     0  startup_stm32f10x_md.o(.text)
    __user_initial_stackheap                 0x0800022d   Thumb Code     0  startup_stm32f10x_md.o(.text)
    __use_no_semihosting                     0x08000251   Thumb Code     2  use_no_semi_2.o(.text)
    __2printf                                0x08000255   Thumb Code    20  noretval__2printf.o(.text)
    __2sprintf                               0x0800026d   Thumb Code    34  noretval__2sprintf.o(.text)
    _printf_pre_padding                      0x08000295   Thumb Code    44  _printf_pad.o(.text)
    _printf_post_padding                     0x080002c1   Thumb Code    34  _printf_pad.o(.text)
    _printf_truncate_signed                  0x080002e3   Thumb Code    18  _printf_truncate.o(.text)
    _printf_truncate_unsigned                0x080002f5   Thumb Code    18  _printf_truncate.o(.text)
    _printf_str                              0x08000307   Thumb Code    82  _printf_str.o(.text)
    _printf_int_dec                          0x08000359   Thumb Code   104  _printf_dec.o(.text)
    _printf_wctomb                           0x080003d1   Thumb Code   182  _printf_wctomb.o(.text)
    _printf_int_oct                          0x0800048d   Thumb Code    72  _printf_oct_int.o(.text)
    _printf_longlong_oct                     0x0800048d   Thumb Code     0  _printf_oct_int.o(.text)
    _printf_int_hex                          0x080004dd   Thumb Code    84  _printf_hex_int.o(.text)
    _printf_longlong_hex                     0x080004dd   Thumb Code     0  _printf_hex_int.o(.text)
    __printf                                 0x08000535   Thumb Code   388  __printf_flags_ss_wp.o(.text)
    srand                                    0x080006bd   Thumb Code    42  rand.o(.text)
    _rand_init                               0x080006e7   Thumb Code     4  rand.o(.text)
    __use_two_region_memory                  0x080006f9   Thumb Code     2  heapauxi.o(.text)
    __rt_heap_escrow$2region                 0x080006fb   Thumb Code     2  heapauxi.o(.text)
    __rt_heap_expand$2region                 0x080006fd   Thumb Code     2  heapauxi.o(.text)
    __I$use$semihosting                      0x080006ff   Thumb Code     0  use_no_semi.o(.text)
    __use_no_semihosting_swi                 0x080006ff   Thumb Code     2  use_no_semi.o(.text)
    _printf_int_common                       0x08000701   Thumb Code   178  _printf_intcommon.o(.text)
    _printf_char_common                      0x080007bf   Thumb Code    32  _printf_char_common.o(.text)
    _sputc                                   0x080007e5   Thumb Code    10  _sputc.o(.text)
    _printf_cs_common                        0x080007ef   Thumb Code    20  _printf_char.o(.text)
    _printf_char                             0x08000803   Thumb Code    16  _printf_char.o(.text)
    _printf_string                           0x08000813   Thumb Code     8  _printf_char.o(.text)
    _printf_char_file                        0x0800081d   Thumb Code    32  _printf_char_file.o(.text)
    _printf_lcs_common                       0x08000841   Thumb Code    20  _printf_wchar.o(.text)
    _printf_wchar                            0x08000855   Thumb Code    16  _printf_wchar.o(.text)
    _printf_wstring                          0x08000865   Thumb Code     8  _printf_wchar.o(.text)
    _wcrtomb                                 0x0800086d   Thumb Code    64  _wcrtomb.o(.text)
    __rt_ctype_table                         0x080008ad   Thumb Code    16  rt_ctype_table.o(.text)
    ferror                                   0x080008bd   Thumb Code     8  ferror.o(.text)
    __user_setup_stackheap                   0x080008c5   Thumb Code    74  sys_stackheap_outer.o(.text)
    __rt_locale                              0x08000911   Thumb Code     8  rt_locale_intlibspace.o(.text)
    exit                                     0x08000919   Thumb Code    18  exit.o(.text)
    __user_libspace                          0x0800092d   Thumb Code     8  libspace.o(.text)
    __user_perproc_libspace                  0x0800092d   Thumb Code     0  libspace.o(.text)
    __user_perthread_libspace                0x0800092d   Thumb Code     0  libspace.o(.text)
    strcmp                                   0x08000935   Thumb Code   128  strcmpv7m.o(.text)
    ADC_Cmd                                  0x080009b5   Thumb Code    22  stm32f10x_adc.o(i.ADC_Cmd)
    ADC_DeInit                               0x080009cd   Thumb Code    78  stm32f10x_adc.o(i.ADC_DeInit)
    ADC_GetCalibrationStatus                 0x08000a29   Thumb Code    20  stm32f10x_adc.o(i.ADC_GetCalibrationStatus)
    ADC_GetConversionValue                   0x08000a3d   Thumb Code     8  stm32f10x_adc.o(i.ADC_GetConversionValue)
    ADC_GetFlagStatus                        0x08000a45   Thumb Code    18  stm32f10x_adc.o(i.ADC_GetFlagStatus)
    ADC_GetResetCalibrationStatus            0x08000a57   Thumb Code    20  stm32f10x_adc.o(i.ADC_GetResetCalibrationStatus)
    ADC_Init                                 0x08000a6d   Thumb Code    70  stm32f10x_adc.o(i.ADC_Init)
    ADC_RegularChannelConfig                 0x08000abd   Thumb Code   184  stm32f10x_adc.o(i.ADC_RegularChannelConfig)
    ADC_ResetCalibration                     0x08000b75   Thumb Code    10  stm32f10x_adc.o(i.ADC_ResetCalibration)
    ADC_SoftwareStartConvCmd                 0x08000b7f   Thumb Code    22  stm32f10x_adc.o(i.ADC_SoftwareStartConvCmd)
    ADC_StartCalibration                     0x08000b95   Thumb Code    10  stm32f10x_adc.o(i.ADC_StartCalibration)
    BusFault_Handler                         0x08000b9f   Thumb Code     4  stm32f10x_it.o(i.BusFault_Handler)
    ComToUart                                0x08000ba5   Thumb Code    44  bsp_uart_fifo.o(i.ComToUart)
    DMA_ClearFlag                            0x08000c29   Thumb Code    18  stm32f10x_dma.o(i.DMA_ClearFlag)
    DMA_Cmd                                  0x08000c45   Thumb Code    24  stm32f10x_dma.o(i.DMA_Cmd)
    DMA_DeInit                               0x08000c5d   Thumb Code   324  stm32f10x_dma.o(i.DMA_DeInit)
    DMA_GetCurrDataCounter                   0x08000da9   Thumb Code     8  stm32f10x_dma.o(i.DMA_GetCurrDataCounter)
    DMA_Init                                 0x08000db1   Thumb Code    60  stm32f10x_dma.o(i.DMA_Init)
    DMA_SetCurrDataCounter                   0x08000ded   Thumb Code     4  stm32f10x_dma.o(i.DMA_SetCurrDataCounter)
    DebugMon_Handler                         0x08000df1   Thumb Code     2  stm32f10x_it.o(i.DebugMon_Handler)
    Display_Pass                             0x08000df5   Thumb Code   250  snake.o(i.Display_Pass)
    Display_dead                             0x08000f35   Thumb Code   200  snake.o(i.Display_dead)
    FLASH_ClearFlag                          0x0800103d   Thumb Code     6  stm32f10x_flash.o(i.FLASH_ClearFlag)
    FLASH_ErasePage                          0x08001049   Thumb Code    72  stm32f10x_flash.o(i.FLASH_ErasePage)
    FLASH_GetBank1Status                     0x08001095   Thumb Code    48  stm32f10x_flash.o(i.FLASH_GetBank1Status)
    FLASH_Lock                               0x080010c9   Thumb Code    14  stm32f10x_flash.o(i.FLASH_Lock)
    FLASH_ProgramHalfWord                    0x080010dd   Thumb Code    60  stm32f10x_flash.o(i.FLASH_ProgramHalfWord)
    FLASH_Unlock                             0x0800111d   Thumb Code    12  stm32f10x_flash.o(i.FLASH_Unlock)
    FLASH_WaitForLastOperation               0x08001135   Thumb Code    38  stm32f10x_flash.o(i.FLASH_WaitForLastOperation)
    GPIO_Init                                0x0800115b   Thumb Code   278  stm32f10x_gpio.o(i.GPIO_Init)
    GPIO_PinRemapConfig                      0x08001271   Thumb Code   138  stm32f10x_gpio.o(i.GPIO_PinRemapConfig)
    GPIO_WriteBit                            0x08001301   Thumb Code    10  stm32f10x_gpio.o(i.GPIO_WriteBit)
    HardFault_Handler                        0x0800130b   Thumb Code     4  stm32f10x_it.o(i.HardFault_Handler)
    Init_GUESSNUM                            0x080014e9   Thumb Code   320  guess.o(i.Init_GUESSNUM)
    Init_SNAKE                               0x0800167d   Thumb Code   248  snake.o(i.Init_SNAKE)
    LCD_Clear                                0x08001895   Thumb Code    72  bsp_tft.o(i.LCD_Clear)
    LCD_DrawBox                              0x080018e1   Thumb Code    44  bsp_tft.o(i.LCD_DrawBox)
    LCD_DrawChar                             0x0800190d   Thumb Code   230  bsp_tft.o(i.LCD_DrawChar)
    LCD_DrawFastHLine                        0x080019fd   Thumb Code    30  bsp_tft.o(i.LCD_DrawFastHLine)
    LCD_DrawLine                             0x08001a1b   Thumb Code   172  bsp_tft.o(i.LCD_DrawLine)
    LCD_DrawPixel                            0x08001ac7   Thumb Code    24  bsp_tft.o(i.LCD_DrawPixel)
    LCD_DrawRect                             0x08001adf   Thumb Code    74  bsp_tft.o(i.LCD_DrawRect)
    LCD_Fill                                 0x08001b29   Thumb Code    76  bsp_tft.o(i.LCD_Fill)
    LCD_GPIO_Init                            0x08001b75   Thumb Code    46  bsp_tft.o(i.LCD_GPIO_Init)
    LCD_Init                                 0x08001bad   Thumb Code   788  bsp_tft.o(i.LCD_Init)
    LCD_Light_Init                           0x08001ec5   Thumb Code    26  bsp_tft.o(i.LCD_Light_Init)
    LCD_Light_Set                            0x08001ee9   Thumb Code    40  bsp_tft.o(i.LCD_Light_Set)
    LCD_RESET                                0x08001f15   Thumb Code    42  bsp_tft.o(i.LCD_RESET)
    LCD_Rotate                               0x08001f49   Thumb Code   172  bsp_tft.o(i.LCD_Rotate)
    LCD_WR                                   0x08001ff9   Thumb Code    46  bsp_tft.o(i.LCD_WR)
    LCD_WR_16Bit                             0x0800202d   Thumb Code    38  bsp_tft.o(i.LCD_WR_16Bit)
    LCD_WR_GRAM                              0x0800205d   Thumb Code    14  bsp_tft.o(i.LCD_WR_GRAM)
    LCD_WR_REG                               0x08002071   Thumb Code    24  bsp_tft.o(i.LCD_WR_REG)
    LCD_setCursor                            0x08002089   Thumb Code    10  bsp_tft.o(i.LCD_setCursor)
    LCD_setTextColor                         0x0800209d   Thumb Code    10  bsp_tft.o(i.LCD_setTextColor)
    LCD_setTextSize                          0x080020b1   Thumb Code    16  bsp_tft.o(i.LCD_setTextSize)
    LCD_setTextWrap                          0x080020c5   Thumb Code     6  bsp_tft.o(i.LCD_setTextWrap)
    LCD_text                                 0x080020d1   Thumb Code    40  bsp_tft.o(i.LCD_text)
    LCD_textWrap                             0x080020f9   Thumb Code    40  bsp_tft.o(i.LCD_textWrap)
    LCD_write                                0x08002121   Thumb Code   140  bsp_tft.o(i.LCD_write)
    LED_SPI_LowLevel_Init                    0x080021c9   Thumb Code   242  bsp_led.o(i.LED_SPI_LowLevel_Init)
    LED_SPI_SendBits                         0x080022d1   Thumb Code    44  bsp_led.o(i.LED_SPI_SendBits)
    LED_SPI_SendPixel                        0x080022fd   Thumb Code    34  bsp_led.o(i.LED_SPI_SendPixel)
    LED_SPI_Update                           0x08002321   Thumb Code   148  bsp_led.o(i.LED_SPI_Update)
    LED_SPI_WriteByte                        0x080023bd   Thumb Code    22  bsp_led.o(i.LED_SPI_WriteByte)
    MemManage_Handler                        0x080023dd   Thumb Code     4  stm32f10x_it.o(i.MemManage_Handler)
    NMI_Handler                              0x080023e1   Thumb Code     2  stm32f10x_it.o(i.NMI_Handler)
    NVIC_Init                                0x080023e5   Thumb Code   100  misc.o(i.NVIC_Init)
    NVIC_PriorityGroupConfig                 0x08002455   Thumb Code    10  misc.o(i.NVIC_PriorityGroupConfig)
    PendSV_Handler                           0x08002469   Thumb Code     2  stm32f10x_it.o(i.PendSV_Handler)
    RCC_ADCCLKConfig                         0x0800246d   Thumb Code    18  stm32f10x_rcc.o(i.RCC_ADCCLKConfig)
    RCC_AHBPeriphClockCmd                    0x08002485   Thumb Code    26  stm32f10x_rcc.o(i.RCC_AHBPeriphClockCmd)
    RCC_APB1PeriphClockCmd                   0x080024a5   Thumb Code    26  stm32f10x_rcc.o(i.RCC_APB1PeriphClockCmd)
    RCC_APB1PeriphResetCmd                   0x080024c5   Thumb Code    26  stm32f10x_rcc.o(i.RCC_APB1PeriphResetCmd)
    RCC_APB2PeriphClockCmd                   0x080024e5   Thumb Code    26  stm32f10x_rcc.o(i.RCC_APB2PeriphClockCmd)
    RCC_APB2PeriphResetCmd                   0x08002505   Thumb Code    26  stm32f10x_rcc.o(i.RCC_APB2PeriphResetCmd)
    RCC_GetClocksFreq                        0x08002525   Thumb Code   192  stm32f10x_rcc.o(i.RCC_GetClocksFreq)
    RS485_InitTXE                            0x080025f9   Thumb Code    38  bsp_uart_fifo.o(i.RS485_InitTXE)
    RS485_ReciveNew                          0x08002625   Thumb Code     2  bsp_uart_fifo.o(i.RS485_ReciveNew)
    RS485_SendBefor                          0x08002629   Thumb Code     8  bsp_uart_fifo.o(i.RS485_SendBefor)
    RS485_SendOver                           0x08002635   Thumb Code     8  bsp_uart_fifo.o(i.RS485_SendOver)
    RUN_GUESS                                0x08002641   Thumb Code    20  guess.o(i.RUN_GUESS)
    RUN_SNK                                  0x08002659   Thumb Code    28  snake.o(i.RUN_SNK)
    Run_Ahead                                0x0800267d   Thumb Code   404  snake.o(i.Run_Ahead)
    Run_SNAKE                                0x08002819   Thumb Code  1084  snake.o(i.Run_SNAKE)
    SPI_Cmd                                  0x08002c59   Thumb Code    24  stm32f10x_spi.o(i.SPI_Cmd)
    SPI_I2S_DMACmd                           0x08002c71   Thumb Code    18  stm32f10x_spi.o(i.SPI_I2S_DMACmd)
    SPI_I2S_DeInit                           0x08002c85   Thumb Code    76  stm32f10x_spi.o(i.SPI_I2S_DeInit)
    SPI_I2S_GetFlagStatus                    0x08002cdd   Thumb Code    18  stm32f10x_spi.o(i.SPI_I2S_GetFlagStatus)
    SPI_I2S_ReceiveData                      0x08002cef   Thumb Code     6  stm32f10x_spi.o(i.SPI_I2S_ReceiveData)
    SPI_I2S_SendData                         0x08002cf5   Thumb Code     4  stm32f10x_spi.o(i.SPI_I2S_SendData)
    SPI_Init                                 0x08002cf9   Thumb Code    60  stm32f10x_spi.o(i.SPI_Init)
    SVC_Handler                              0x08002d35   Thumb Code     2  stm32f10x_it.o(i.SVC_Handler)
    SysTick_Handler                          0x08002e21   Thumb Code     8  bsp_timer.o(i.SysTick_Handler)
    SysTick_ISR                              0x08002e29   Thumb Code   110  bsp_timer.o(i.SysTick_ISR)
    SystemInit                               0x08002ead   Thumb Code    78  system_stm32f10x.o(i.SystemInit)
    TIM2_IRQHandler                          0x08002f0d   Thumb Code   140  bsp_timer.o(i.TIM2_IRQHandler)
    TIM_ARRPreloadConfig                     0x08002fa9   Thumb Code    24  stm32f10x_tim.o(i.TIM_ARRPreloadConfig)
    TIM_ClearITPendingBit                    0x08002fc1   Thumb Code     6  stm32f10x_tim.o(i.TIM_ClearITPendingBit)
    TIM_Cmd                                  0x08002fc7   Thumb Code    24  stm32f10x_tim.o(i.TIM_Cmd)
    TIM_CtrlPWMOutputs                       0x08002fdf   Thumb Code    30  stm32f10x_tim.o(i.TIM_CtrlPWMOutputs)
    TIM_GetITStatus                          0x08002ffd   Thumb Code    34  stm32f10x_tim.o(i.TIM_GetITStatus)
    TIM_ITConfig                             0x0800301f   Thumb Code    18  stm32f10x_tim.o(i.TIM_ITConfig)
    TIM_OC1Init                              0x08003031   Thumb Code   132  stm32f10x_tim.o(i.TIM_OC1Init)
    TIM_OC1PreloadConfig                     0x080030c9   Thumb Code    18  stm32f10x_tim.o(i.TIM_OC1PreloadConfig)
    TIM_OC2Init                              0x080030dd   Thumb Code   154  stm32f10x_tim.o(i.TIM_OC2Init)
    TIM_OC2PreloadConfig                     0x08003181   Thumb Code    26  stm32f10x_tim.o(i.TIM_OC2PreloadConfig)
    TIM_OC3Init                              0x0800319d   Thumb Code   150  stm32f10x_tim.o(i.TIM_OC3Init)
    TIM_OC3PreloadConfig                     0x0800323d   Thumb Code    18  stm32f10x_tim.o(i.TIM_OC3PreloadConfig)
    TIM_OC4Init                              0x08003251   Thumb Code   114  stm32f10x_tim.o(i.TIM_OC4Init)
    TIM_OC4PreloadConfig                     0x080032cd   Thumb Code    26  stm32f10x_tim.o(i.TIM_OC4PreloadConfig)
    TIM_OCStructInit                         0x080032e7   Thumb Code    20  stm32f10x_tim.o(i.TIM_OCStructInit)
    TIM_SetCompare4                          0x080032fb   Thumb Code     6  stm32f10x_tim.o(i.TIM_SetCompare4)
    TIM_TimeBaseInit                         0x08003301   Thumb Code   122  stm32f10x_tim.o(i.TIM_TimeBaseInit)
    Trun_Off_Point                           0x080033a5   Thumb Code    30  snake.o(i.Trun_Off_Point)
    Trun_On_Point                            0x080033c3   Thumb Code    32  snake.o(i.Trun_On_Point)
    USART1_IRQHandler                        0x080033e5   Thumb Code    10  bsp_uart_fifo.o(i.USART1_IRQHandler)
    USART2_IRQHandler                        0x080033f5   Thumb Code    10  bsp_uart_fifo.o(i.USART2_IRQHandler)
    USART3_IRQHandler                        0x08003405   Thumb Code    10  bsp_uart_fifo.o(i.USART3_IRQHandler)
    USART_ClearFlag                          0x08003415   Thumb Code    18  stm32f10x_usart.o(i.USART_ClearFlag)
    USART_Cmd                                0x08003427   Thumb Code    24  stm32f10x_usart.o(i.USART_Cmd)
    USART_GetITStatus                        0x0800343f   Thumb Code    84  stm32f10x_usart.o(i.USART_GetITStatus)
    USART_ITConfig                           0x08003493   Thumb Code    74  stm32f10x_usart.o(i.USART_ITConfig)
    USART_Init                               0x080034dd   Thumb Code   210  stm32f10x_usart.o(i.USART_Init)
    USART_ReceiveData                        0x080035b5   Thumb Code    10  stm32f10x_usart.o(i.USART_ReceiveData)
    USART_SendData                           0x080035bf   Thumb Code     8  stm32f10x_usart.o(i.USART_SendData)
    USB_LP_CAN1_RX0_IRQHandler               0x080035c9   Thumb Code     6  stm32f10x_it.o(i.USB_LP_CAN1_RX0_IRQHandler)
    UsageFault_Handler                       0x080037f1   Thumb Code     4  stm32f10x_it.o(i.UsageFault_Handler)
    _is_digit                                0x08003801   Thumb Code    14  __printf_wp.o(i._is_digit)
    _sys_exit                                0x0800380f   Thumb Code     4  bsp_uart_fifo.o(i._sys_exit)
    bsp_CmpCpuFlash                          0x08003815   Thumb Code    68  bsp_cpu_flash.o(i.bsp_CmpCpuFlash)
    bsp_ConfigGpioOut                        0x0800385d   Thumb Code    46  bsp_tim_pwm.o(i.bsp_ConfigGpioOut)
    bsp_ConfigTimGpio                        0x0800388d   Thumb Code    96  bsp_tim_pwm.o(i.bsp_ConfigTimGpio)
    bsp_DelayMS                              0x080038f5   Thumb Code    58  bsp_timer.o(i.bsp_DelayMS)
    bsp_GetAdc                               0x08003a05   Thumb Code    44  bsp_adc.o(i.bsp_GetAdc)
    bsp_GetAdc_Average                       0x08003a35   Thumb Code    38  bsp_adc.o(i.bsp_GetAdc_Average)
    bsp_GetKey                               0x08003a5d   Thumb Code    46  bsp_key.o(i.bsp_GetKey)
    bsp_GetRCCofGPIO                         0x08003a91   Thumb Code    74  bsp_tim_pwm.o(i.bsp_GetRCCofGPIO)
    bsp_GetRCCofTIM                          0x08003af9   Thumb Code   150  bsp_tim_pwm.o(i.bsp_GetRCCofTIM)
    bsp_GetSector                            0x08003bc5   Thumb Code    10  bsp_cpu_flash.o(i.bsp_GetSector)
    bsp_Idle                                 0x08003bcf   Thumb Code     2  bsp.o(i.bsp_Idle)
    bsp_Init                                 0x08003bd1   Thumb Code    40  bsp.o(i.bsp_Init)
    bsp_InitAdc                              0x08003bf9   Thumb Code   132  bsp_adc.o(i.bsp_InitAdc)
    bsp_InitHardTimer                        0x08003c85   Thumb Code    96  bsp_timer.o(i.bsp_InitHardTimer)
    bsp_InitKey                              0x08003ced   Thumb Code    12  bsp_key.o(i.bsp_InitKey)
    bsp_InitSPIBus                           0x08003e79   Thumb Code   116  bsp_spi_bus.o(i.bsp_InitSPIBus)
    bsp_InitTimer                            0x08003ef5   Thumb Code   142  bsp_timer.o(i.bsp_InitTimer)
    bsp_InitUart                             0x08003f95   Thumb Code    20  bsp_uart_fifo.o(i.bsp_InitUart)
    bsp_KeyScan                              0x08003fa9   Thumb Code    22  bsp_key.o(i.bsp_KeyScan)
    bsp_PutKey                               0x08003fc1   Thumb Code    28  bsp_key.o(i.bsp_PutKey)
    bsp_ReadCpuFlash                         0x08003fe1   Thumb Code    44  bsp_cpu_flash.o(i.bsp_ReadCpuFlash)
    bsp_RunPer10ms                           0x08004011   Thumb Code     8  bsp.o(i.bsp_RunPer10ms)
    bsp_RunPer1ms                            0x08004019   Thumb Code     2  bsp.o(i.bsp_RunPer1ms)
    bsp_SPI_Init                             0x0800401d   Thumb Code    40  bsp_spi_bus.o(i.bsp_SPI_Init)
    bsp_SetTIMOutPWM                         0x08004049   Thumb Code   426  bsp_tim_pwm.o(i.bsp_SetTIMOutPWM)
    bsp_StartAutoTimer                       0x08004229   Thumb Code    84  bsp_timer.o(i.bsp_StartAutoTimer)
    bsp_WriteCpuFlash                        0x080042c5   Thumb Code   182  bsp_cpu_flash.o(i.bsp_WriteCpuFlash)
    bsp_spiWrite1                            0x08004381   Thumb Code    48  bsp_spi_bus.o(i.bsp_spiWrite1)
    comSendBuf                               0x080043b5   Thumb Code    46  bsp_uart_fifo.o(i.comSendBuf)
    comSendChar                              0x080043e3   Thumb Code    16  bsp_uart_fifo.o(i.comSendChar)
    display_num_format                       0x080043f3   Thumb Code    54  bsp_tft.o(i.display_num_format)
    display_string_ascii                     0x08004429   Thumb Code    80  bsp_tft.o(i.display_string_ascii)
    fputc                                    0x08004479   Thumb Code    18  bsp_uart_fifo.o(i.fputc)
    guessnum                                 0x0800448d   Thumb Code  1176  guess.o(i.guessnum)
    image_display                            0x08004935   Thumb Code    50  image2lcd.o(i.image_display)
    image_getcolor                           0x08004967   Thumb Code    30  image2lcd.o(i.image_getcolor)
    image_show                               0x08004985   Thumb Code    90  image2lcd.o(i.image_show)
    lcd_cursor                               0x080049e1   Thumb Code    92  bsp_tft.o(i.lcd_cursor)
    lcd_param                                0x08004a41   Thumb Code    72  bsp_tft.o(i.lcd_param)
    lcd_set_window                           0x08004aa5   Thumb Code   148  bsp_tft.o(i.lcd_set_window)
    main                                     0x08004b3d   Thumb Code   196  main.o(i.main)
    shephardlabparty_start                   0x08004c3d   Thumb Code   176  bsp_led.o(i.shephardlabparty_start)
    ws2812_RGB_Color                         0x08004d09   Thumb Code    12  bsp_led.o(i.ws2812_RGB_Color)
    ws2812_clear                             0x08004d15   Thumb Code    34  bsp_led.o(i.ws2812_clear)
    ws2812_setPixelColor                     0x08004d3d   Thumb Code    66  bsp_led.o(i.ws2812_setPixelColor)
    ws2812_theaterChaseRainbow               0x08004d89   Thumb Code   116  bsp_led.o(i.ws2812_theaterChaseRainbow)
    ws2812_wheel                             0x08004e01   Thumb Code    96  bsp_led.o(i.ws2812_wheel)
    _get_lc_ctype                            0x08004e61   Thumb Code    44  lc_ctype_c.o(locale$$code)
    gImage_kj                                0x08004e8c   Data       40968  bsp_led.o(.constdata)
    Region$$Table$$Base                      0x0800f404   Number         0  anon$$obj.o(Region$$Table)
    Region$$Table$$Limit                     0x0800f424   Number         0  anon$$obj.o(Region$$Table)
    __ctype                                  0x0800f431   Data           0  lc_ctype_c.o(locale$$data)
    game_sel                                 0x20000000   Data           1  main.o(.data)
    PixelPointer                             0x20000004   Data           2  bsp_led.o(.data)
    brightness                               0x20000006   Data           1  bsp_led.o(.data)
    g_iRunTime                               0x20000014   Data           4  bsp_timer.o(.data)
    __stdout                                 0x2000002c   Data           4  bsp_uart_fifo.o(.data)
    __stdin                                  0x20000030   Data           4  bsp_uart_fifo.o(.data)
    cursor_x                                 0x20000034   Data           2  bsp_tft.o(.data)
    cursor_y                                 0x20000036   Data           2  bsp_tft.o(.data)
    textcolor                                0x20000038   Data           2  bsp_tft.o(.data)
    textbgcolor                              0x2000003a   Data           2  bsp_tft.o(.data)
    textsize                                 0x2000003c   Data           1  bsp_tft.o(.data)
    wrap                                     0x2000003d   Data           1  bsp_tft.o(.data)
    POINT_COLOR                              0x2000003e   Data           2  bsp_tft.o(.data)
    BACK_COLOR                               0x20000040   Data           2  bsp_tft.o(.data)
    Key_V_temp                               0x20000042   Data           1  snake.o(.data)
    Key_Value                                0x20000043   Data           1  snake.o(.data)
    Food                                     0x20000045   Data           3  snake.o(.data)
    SystemCoreClock                          0x2000006c   Data           4  system_stm32f10x.o(.data)
    AHBPrescTable                            0x20000070   Data          16  system_stm32f10x.o(.data)
    PixelBuffer                              0x20000080   Data         512  bsp_led.o(.bss)
    ws2812_temp                              0x20000280   Data          24  bsp_led.o(.bss)
    lcddev                                   0x20001bf0   Data          22  bsp_tft.o(.bss)
    Snake                                    0x20001c06   Data          24  snake.o(.bss)
    _random_number_data                      0x20001c20   Data         228  rand.o(.bss)
    __libspace_start                         0x20001d04   Data          96  libspace.o(.bss)
    __temporary_stack_top$libspace           0x20001d64   Data           0  libspace.o(.bss)



==============================================================================

Memory Map of the image

  Image Entry point : 0x080000ed

  Load Region LR_IROM1 (Base: 0x08000000, Size: 0x0000f5b4, Max: 0x00010000, ABSOLUTE)

    Execution Region ER_IROM1 (Exec base: 0x08000000, Load base: 0x08000000, Size: 0x0000f534, Max: 0x00010000, ABSOLUTE)

    Exec Addr    Load Addr    Size         Type   Attr      Idx    E Section Name        Object

    0x08000000   0x08000000   0x000000ec   Data   RO         1884    RESET               startup_stm32f10x_md.o
    0x080000ec   0x080000ec   0x00000008   Code   RO         3787  * !!!main             c_w.l(__main.o)
    0x080000f4   0x080000f4   0x00000034   Code   RO         3986    !!!scatter          c_w.l(__scatter.o)
    0x08000128   0x08000128   0x0000001a   Code   RO         3988    !!handler_copy      c_w.l(__scatter_copy.o)
    0x08000142   0x08000142   0x00000002   PAD
    0x08000144   0x08000144   0x0000001c   Code   RO         3990    !!handler_zi        c_w.l(__scatter_zi.o)
    0x08000160   0x08000160   0x00000000   Code   RO         3774    .ARM.Collect$$_printf_percent$$00000000  c_w.l(_printf_percent.o)
    0x08000160   0x08000160   0x00000006   Code   RO         3771    .ARM.Collect$$_printf_percent$$00000008  c_w.l(_printf_i.o)
    0x08000166   0x08000166   0x00000006   Code   RO         3772    .ARM.Collect$$_printf_percent$$00000009  c_w.l(_printf_d.o)
    0x0800016c   0x0800016c   0x00000006   Code   RO         3773    .ARM.Collect$$_printf_percent$$0000000A  c_w.l(_printf_u.o)
    0x08000172   0x08000172   0x00000006   Code   RO         3770    .ARM.Collect$$_printf_percent$$0000000B  c_w.l(_printf_o.o)
    0x08000178   0x08000178   0x00000006   Code   RO         3769    .ARM.Collect$$_printf_percent$$0000000C  c_w.l(_printf_x.o)
    0x0800017e   0x0800017e   0x0000000a   Code   RO         3807    .ARM.Collect$$_printf_percent$$00000012  c_w.l(_printf_l.o)
    0x08000188   0x08000188   0x00000006   Code   RO         3767    .ARM.Collect$$_printf_percent$$00000013  c_w.l(_printf_c.o)
    0x0800018e   0x0800018e   0x00000006   Code   RO         3768    .ARM.Collect$$_printf_percent$$00000014  c_w.l(_printf_s.o)
    0x08000194   0x08000194   0x00000006   Code   RO         3775    .ARM.Collect$$_printf_percent$$00000015  c_w.l(_printf_lc.o)
    0x0800019a   0x0800019a   0x00000004   Code   RO         3806    .ARM.Collect$$_printf_percent$$00000017  c_w.l(_printf_percent_end.o)
    0x0800019e   0x0800019e   0x00000002   Code   RO         3909    .ARM.Collect$$libinit$$00000000  c_w.l(libinit.o)
    0x080001a0   0x080001a0   0x00000000   Code   RO         3811    .ARM.Collect$$libinit$$00000002  c_w.l(libinit2.o)
    0x080001a0   0x080001a0   0x00000000   Code   RO         3813    .ARM.Collect$$libinit$$00000004  c_w.l(libinit2.o)
    0x080001a0   0x080001a0   0x00000000   Code   RO         3816    .ARM.Collect$$libinit$$0000000A  c_w.l(libinit2.o)
    0x080001a0   0x080001a0   0x00000000   Code   RO         3818    .ARM.Collect$$libinit$$0000000C  c_w.l(libinit2.o)
    0x080001a0   0x080001a0   0x00000004   Code   RO         3819    .ARM.Collect$$libinit$$0000000D  c_w.l(libinit2.o)
    0x080001a4   0x080001a4   0x00000000   Code   RO         3820    .ARM.Collect$$libinit$$0000000E  c_w.l(libinit2.o)
    0x080001a4   0x080001a4   0x00000006   Code   RO         3821    .ARM.Collect$$libinit$$0000000F  c_w.l(libinit2.o)
    0x080001aa   0x080001aa   0x00000000   Code   RO         3823    .ARM.Collect$$libinit$$00000011  c_w.l(libinit2.o)
    0x080001aa   0x080001aa   0x0000000c   Code   RO         3824    .ARM.Collect$$libinit$$00000012  c_w.l(libinit2.o)
    0x080001b6   0x080001b6   0x00000000   Code   RO         3825    .ARM.Collect$$libinit$$00000013  c_w.l(libinit2.o)
    0x080001b6   0x080001b6   0x00000000   Code   RO         3827    .ARM.Collect$$libinit$$00000015  c_w.l(libinit2.o)
    0x080001b6   0x080001b6   0x00000000   Code   RO         3829    .ARM.Collect$$libinit$$00000017  c_w.l(libinit2.o)
    0x080001b6   0x080001b6   0x00000000   Code   RO         3831    .ARM.Collect$$libinit$$00000019  c_w.l(libinit2.o)
    0x080001b6   0x080001b6   0x00000000   Code   RO         3833    .ARM.Collect$$libinit$$0000001B  c_w.l(libinit2.o)
    0x080001b6   0x080001b6   0x00000000   Code   RO         3835    .ARM.Collect$$libinit$$0000001D  c_w.l(libinit2.o)
    0x080001b6   0x080001b6   0x00000000   Code   RO         3837    .ARM.Collect$$libinit$$0000001F  c_w.l(libinit2.o)
    0x080001b6   0x080001b6   0x00000000   Code   RO         3839    .ARM.Collect$$libinit$$00000021  c_w.l(libinit2.o)
    0x080001b6   0x080001b6   0x00000000   Code   RO         3841    .ARM.Collect$$libinit$$00000023  c_w.l(libinit2.o)
    0x080001b6   0x080001b6   0x00000000   Code   RO         3843    .ARM.Collect$$libinit$$00000025  c_w.l(libinit2.o)
    0x080001b6   0x080001b6   0x00000000   Code   RO         3847    .ARM.Collect$$libinit$$0000002C  c_w.l(libinit2.o)
    0x080001b6   0x080001b6   0x00000000   Code   RO         3849    .ARM.Collect$$libinit$$0000002E  c_w.l(libinit2.o)
    0x080001b6   0x080001b6   0x00000000   Code   RO         3851    .ARM.Collect$$libinit$$00000030  c_w.l(libinit2.o)
    0x080001b6   0x080001b6   0x00000000   Code   RO         3853    .ARM.Collect$$libinit$$00000032  c_w.l(libinit2.o)
    0x080001b6   0x080001b6   0x00000002   Code   RO         3854    .ARM.Collect$$libinit$$00000033  c_w.l(libinit2.o)
    0x080001b8   0x080001b8   0x00000002   Code   RO         3951    .ARM.Collect$$libshutdown$$00000000  c_w.l(libshutdown.o)
    0x080001ba   0x080001ba   0x00000000   Code   RO         3955    .ARM.Collect$$libshutdown$$00000002  c_w.l(libshutdown2.o)
    0x080001ba   0x080001ba   0x00000000   Code   RO         3957    .ARM.Collect$$libshutdown$$00000004  c_w.l(libshutdown2.o)
    0x080001ba   0x080001ba   0x00000000   Code   RO         3960    .ARM.Collect$$libshutdown$$00000007  c_w.l(libshutdown2.o)
    0x080001ba   0x080001ba   0x00000000   Code   RO         3963    .ARM.Collect$$libshutdown$$0000000A  c_w.l(libshutdown2.o)
    0x080001ba   0x080001ba   0x00000000   Code   RO         3965    .ARM.Collect$$libshutdown$$0000000C  c_w.l(libshutdown2.o)
    0x080001ba   0x080001ba   0x00000000   Code   RO         3968    .ARM.Collect$$libshutdown$$0000000F  c_w.l(libshutdown2.o)
    0x080001ba   0x080001ba   0x00000002   Code   RO         3969    .ARM.Collect$$libshutdown$$00000010  c_w.l(libshutdown2.o)
    0x080001bc   0x080001bc   0x00000000   Code   RO         3791    .ARM.Collect$$rtentry$$00000000  c_w.l(__rtentry.o)
    0x080001bc   0x080001bc   0x00000000   Code   RO         3856    .ARM.Collect$$rtentry$$00000002  c_w.l(__rtentry2.o)
    0x080001bc   0x080001bc   0x00000006   Code   RO         3868    .ARM.Collect$$rtentry$$00000004  c_w.l(__rtentry4.o)
    0x080001c2   0x080001c2   0x00000000   Code   RO         3858    .ARM.Collect$$rtentry$$00000009  c_w.l(__rtentry2.o)
    0x080001c2   0x080001c2   0x00000004   Code   RO         3859    .ARM.Collect$$rtentry$$0000000A  c_w.l(__rtentry2.o)
    0x080001c6   0x080001c6   0x00000000   Code   RO         3861    .ARM.Collect$$rtentry$$0000000C  c_w.l(__rtentry2.o)
    0x080001c6   0x080001c6   0x00000008   Code   RO         3862    .ARM.Collect$$rtentry$$0000000D  c_w.l(__rtentry2.o)
    0x080001ce   0x080001ce   0x00000002   Code   RO         3915    .ARM.Collect$$rtexit$$00000000  c_w.l(rtexit.o)
    0x080001d0   0x080001d0   0x00000000   Code   RO         3931    .ARM.Collect$$rtexit$$00000002  c_w.l(rtexit2.o)
    0x080001d0   0x080001d0   0x00000004   Code   RO         3932    .ARM.Collect$$rtexit$$00000003  c_w.l(rtexit2.o)
    0x080001d4   0x080001d4   0x00000006   Code   RO         3933    .ARM.Collect$$rtexit$$00000004  c_w.l(rtexit2.o)
    0x080001da   0x080001da   0x00000002   PAD
    0x080001dc   0x080001dc   0x00000034   Code   RO         3776    .emb_text           c_w.l(rand.o)
    0x08000210   0x08000210   0x00000040   Code   RO         1885    .text               startup_stm32f10x_md.o
    0x08000250   0x08000250   0x00000002   Code   RO         3695    .text               c_w.l(use_no_semi_2.o)
    0x08000252   0x08000252   0x00000002   PAD
    0x08000254   0x08000254   0x00000018   Code   RO         3703    .text               c_w.l(noretval__2printf.o)
    0x0800026c   0x0800026c   0x00000028   Code   RO         3705    .text               c_w.l(noretval__2sprintf.o)
    0x08000294   0x08000294   0x0000004e   Code   RO         3709    .text               c_w.l(_printf_pad.o)
    0x080002e2   0x080002e2   0x00000024   Code   RO         3711    .text               c_w.l(_printf_truncate.o)
    0x08000306   0x08000306   0x00000052   Code   RO         3713    .text               c_w.l(_printf_str.o)
    0x08000358   0x08000358   0x00000078   Code   RO         3715    .text               c_w.l(_printf_dec.o)
    0x080003d0   0x080003d0   0x000000bc   Code   RO         3717    .text               c_w.l(_printf_wctomb.o)
    0x0800048c   0x0800048c   0x00000050   Code   RO         3722    .text               c_w.l(_printf_oct_int.o)
    0x080004dc   0x080004dc   0x00000058   Code   RO         3729    .text               c_w.l(_printf_hex_int.o)
    0x08000534   0x08000534   0x00000188   Code   RO         3764    .text               c_w.l(__printf_flags_ss_wp.o)
    0x080006bc   0x080006bc   0x0000003c   Code   RO         3777    .text               c_w.l(rand.o)
    0x080006f8   0x080006f8   0x00000006   Code   RO         3785    .text               c_w.l(heapauxi.o)
    0x080006fe   0x080006fe   0x00000002   Code   RO         3789    .text               c_w.l(use_no_semi.o)
    0x08000700   0x08000700   0x000000b2   Code   RO         3794    .text               c_w.l(_printf_intcommon.o)
    0x080007b2   0x080007b2   0x00000002   PAD
    0x080007b4   0x080007b4   0x00000030   Code   RO         3796    .text               c_w.l(_printf_char_common.o)
    0x080007e4   0x080007e4   0x0000000a   Code   RO         3798    .text               c_w.l(_sputc.o)
    0x080007ee   0x080007ee   0x0000002c   Code   RO         3800    .text               c_w.l(_printf_char.o)
    0x0800081a   0x0800081a   0x00000002   PAD
    0x0800081c   0x0800081c   0x00000024   Code   RO         3802    .text               c_w.l(_printf_char_file.o)
    0x08000840   0x08000840   0x0000002c   Code   RO         3804    .text               c_w.l(_printf_wchar.o)
    0x0800086c   0x0800086c   0x00000040   Code   RO         3808    .text               c_w.l(_wcrtomb.o)
    0x080008ac   0x080008ac   0x00000010   Code   RO         3870    .text               c_w.l(rt_ctype_table.o)
    0x080008bc   0x080008bc   0x00000008   Code   RO         3878    .text               c_w.l(ferror.o)
    0x080008c4   0x080008c4   0x0000004a   Code   RO         3886    .text               c_w.l(sys_stackheap_outer.o)
    0x0800090e   0x0800090e   0x00000002   PAD
    0x08000910   0x08000910   0x00000008   Code   RO         3893    .text               c_w.l(rt_locale_intlibspace.o)
    0x08000918   0x08000918   0x00000012   Code   RO         3898    .text               c_w.l(exit.o)
    0x0800092a   0x0800092a   0x00000002   PAD
    0x0800092c   0x0800092c   0x00000008   Code   RO         3912    .text               c_w.l(libspace.o)
    0x08000934   0x08000934   0x00000080   Code   RO         3927    .text               c_w.l(strcmpv7m.o)
    0x080009b4   0x080009b4   0x00000016   Code   RO         3429    i.ADC_Cmd           stm32f10x_adc.o
    0x080009ca   0x080009ca   0x00000002   PAD
    0x080009cc   0x080009cc   0x0000005c   Code   RO         3431    i.ADC_DeInit        stm32f10x_adc.o
    0x08000a28   0x08000a28   0x00000014   Code   RO         3437    i.ADC_GetCalibrationStatus  stm32f10x_adc.o
    0x08000a3c   0x08000a3c   0x00000008   Code   RO         3438    i.ADC_GetConversionValue  stm32f10x_adc.o
    0x08000a44   0x08000a44   0x00000012   Code   RO         3440    i.ADC_GetFlagStatus  stm32f10x_adc.o
    0x08000a56   0x08000a56   0x00000014   Code   RO         3443    i.ADC_GetResetCalibrationStatus  stm32f10x_adc.o
    0x08000a6a   0x08000a6a   0x00000002   PAD
    0x08000a6c   0x08000a6c   0x00000050   Code   RO         3447    i.ADC_Init          stm32f10x_adc.o
    0x08000abc   0x08000abc   0x000000b8   Code   RO         3451    i.ADC_RegularChannelConfig  stm32f10x_adc.o
    0x08000b74   0x08000b74   0x0000000a   Code   RO         3452    i.ADC_ResetCalibration  stm32f10x_adc.o
    0x08000b7e   0x08000b7e   0x00000016   Code   RO         3454    i.ADC_SoftwareStartConvCmd  stm32f10x_adc.o
    0x08000b94   0x08000b94   0x0000000a   Code   RO         3456    i.ADC_StartCalibration  stm32f10x_adc.o
    0x08000b9e   0x08000b9e   0x00000004   Code   RO          668    i.BusFault_Handler  stm32f10x_it.o
    0x08000ba2   0x08000ba2   0x00000002   PAD
    0x08000ba4   0x08000ba4   0x00000038   Code   RO          882    i.ComToUart         bsp_uart_fifo.o
    0x08000bdc   0x08000bdc   0x0000004a   Code   RO          883    i.ConfigUartNVIC    bsp_uart_fifo.o
    0x08000c26   0x08000c26   0x00000002   PAD
    0x08000c28   0x08000c28   0x0000001c   Code   RO         3191    i.DMA_ClearFlag     stm32f10x_dma.o
    0x08000c44   0x08000c44   0x00000018   Code   RO         3193    i.DMA_Cmd           stm32f10x_dma.o
    0x08000c5c   0x08000c5c   0x0000014c   Code   RO         3194    i.DMA_DeInit        stm32f10x_dma.o
    0x08000da8   0x08000da8   0x00000008   Code   RO         3195    i.DMA_GetCurrDataCounter  stm32f10x_dma.o
    0x08000db0   0x08000db0   0x0000003c   Code   RO         3199    i.DMA_Init          stm32f10x_dma.o
    0x08000dec   0x08000dec   0x00000004   Code   RO         3200    i.DMA_SetCurrDataCounter  stm32f10x_dma.o
    0x08000df0   0x08000df0   0x00000002   Code   RO          669    i.DebugMon_Handler  stm32f10x_it.o
    0x08000df2   0x08000df2   0x00000002   PAD
    0x08000df4   0x08000df4   0x00000140   Code   RO         1747    i.Display_Pass      snake.o
    0x08000f34   0x08000f34   0x00000108   Code   RO         1748    i.Display_dead      snake.o
    0x0800103c   0x0800103c   0x0000000c   Code   RO         1891    i.FLASH_ClearFlag   stm32f10x_flash.o
    0x08001048   0x08001048   0x0000004c   Code   RO         1896    i.FLASH_ErasePage   stm32f10x_flash.o
    0x08001094   0x08001094   0x00000034   Code   RO         1897    i.FLASH_GetBank1Status  stm32f10x_flash.o
    0x080010c8   0x080010c8   0x00000014   Code   RO         1906    i.FLASH_Lock        stm32f10x_flash.o
    0x080010dc   0x080010dc   0x00000040   Code   RO         1909    i.FLASH_ProgramHalfWord  stm32f10x_flash.o
    0x0800111c   0x0800111c   0x00000018   Code   RO         1914    i.FLASH_Unlock      stm32f10x_flash.o
    0x08001134   0x08001134   0x00000026   Code   RO         1918    i.FLASH_WaitForLastOperation  stm32f10x_flash.o
    0x0800115a   0x0800115a   0x00000116   Code   RO         2079    i.GPIO_Init         stm32f10x_gpio.o
    0x08001270   0x08001270   0x00000090   Code   RO         2081    i.GPIO_PinRemapConfig  stm32f10x_gpio.o
    0x08001300   0x08001300   0x0000000a   Code   RO         2090    i.GPIO_WriteBit     stm32f10x_gpio.o
    0x0800130a   0x0800130a   0x00000004   Code   RO          670    i.HardFault_Handler  stm32f10x_it.o
    0x0800130e   0x0800130e   0x00000002   PAD
    0x08001310   0x08001310   0x000001d8   Code   RO          884    i.InitHardUart      bsp_uart_fifo.o
    0x080014e8   0x080014e8   0x00000194   Code   RO         1849    i.Init_GUESSNUM     guess.o
    0x0800167c   0x0800167c   0x00000128   Code   RO         1749    i.Init_SNAKE        snake.o
    0x080017a4   0x080017a4   0x00000018   Code   RO          753    i.IsKeyDown1        bsp_key.o
    0x080017bc   0x080017bc   0x00000016   Code   RO          754    i.IsKeyDown10       bsp_key.o
    0x080017d2   0x080017d2   0x00000002   PAD
    0x080017d4   0x080017d4   0x00000018   Code   RO          755    i.IsKeyDown2        bsp_key.o
    0x080017ec   0x080017ec   0x00000018   Code   RO          756    i.IsKeyDown3        bsp_key.o
    0x08001804   0x08001804   0x00000018   Code   RO          757    i.IsKeyDown4        bsp_key.o
    0x0800181c   0x0800181c   0x00000018   Code   RO          758    i.IsKeyDown5        bsp_key.o
    0x08001834   0x08001834   0x00000018   Code   RO          759    i.IsKeyDown6        bsp_key.o
    0x0800184c   0x0800184c   0x00000018   Code   RO          760    i.IsKeyDown7        bsp_key.o
    0x08001864   0x08001864   0x00000018   Code   RO          761    i.IsKeyDown8        bsp_key.o
    0x0800187c   0x0800187c   0x00000016   Code   RO          762    i.IsKeyDown9        bsp_key.o
    0x08001892   0x08001892   0x00000002   PAD
    0x08001894   0x08001894   0x0000004c   Code   RO         1149    i.LCD_Clear         bsp_tft.o
    0x080018e0   0x080018e0   0x0000002c   Code   RO         1154    i.LCD_DrawBox       bsp_tft.o
    0x0800190c   0x0800190c   0x000000f0   Code   RO         1155    i.LCD_DrawChar      bsp_tft.o
    0x080019fc   0x080019fc   0x0000001e   Code   RO         1157    i.LCD_DrawFastHLine  bsp_tft.o
    0x08001a1a   0x08001a1a   0x000000ac   Code   RO         1160    i.LCD_DrawLine      bsp_tft.o
    0x08001ac6   0x08001ac6   0x00000018   Code   RO         1161    i.LCD_DrawPixel     bsp_tft.o
    0x08001ade   0x08001ade   0x0000004a   Code   RO         1162    i.LCD_DrawRect      bsp_tft.o
    0x08001b28   0x08001b28   0x0000004c   Code   RO         1165    i.LCD_Fill          bsp_tft.o
    0x08001b74   0x08001b74   0x00000038   Code   RO         1169    i.LCD_GPIO_Init     bsp_tft.o
    0x08001bac   0x08001bac   0x00000318   Code   RO         1170    i.LCD_Init          bsp_tft.o
    0x08001ec4   0x08001ec4   0x00000024   Code   RO         1171    i.LCD_Light_Init    bsp_tft.o
    0x08001ee8   0x08001ee8   0x0000002c   Code   RO         1172    i.LCD_Light_Set     bsp_tft.o
    0x08001f14   0x08001f14   0x00000034   Code   RO         1173    i.LCD_RESET         bsp_tft.o
    0x08001f48   0x08001f48   0x000000b0   Code   RO         1174    i.LCD_Rotate        bsp_tft.o
    0x08001ff8   0x08001ff8   0x00000034   Code   RO         1175    i.LCD_WR            bsp_tft.o
    0x0800202c   0x0800202c   0x00000030   Code   RO         1176    i.LCD_WR_16Bit      bsp_tft.o
    0x0800205c   0x0800205c   0x00000014   Code   RO         1177    i.LCD_WR_GRAM       bsp_tft.o
    0x08002070   0x08002070   0x00000018   Code   RO         1178    i.LCD_WR_REG        bsp_tft.o
    0x08002088   0x08002088   0x00000014   Code   RO         1181    i.LCD_setCursor     bsp_tft.o
    0x0800209c   0x0800209c   0x00000014   Code   RO         1182    i.LCD_setTextColor  bsp_tft.o
    0x080020b0   0x080020b0   0x00000014   Code   RO         1183    i.LCD_setTextSize   bsp_tft.o
    0x080020c4   0x080020c4   0x0000000c   Code   RO         1184    i.LCD_setTextWrap   bsp_tft.o
    0x080020d0   0x080020d0   0x00000028   Code   RO         1185    i.LCD_text          bsp_tft.o
    0x080020f8   0x080020f8   0x00000028   Code   RO         1186    i.LCD_textWrap      bsp_tft.o
    0x08002120   0x08002120   0x000000a8   Code   RO         1188    i.LCD_write         bsp_tft.o
    0x080021c8   0x080021c8   0x00000108   Code   RO          189    i.LED_SPI_LowLevel_Init  bsp_led.o
    0x080022d0   0x080022d0   0x0000002c   Code   RO          190    i.LED_SPI_SendBits  bsp_led.o
    0x080022fc   0x080022fc   0x00000022   Code   RO          191    i.LED_SPI_SendPixel  bsp_led.o
    0x0800231e   0x0800231e   0x00000002   PAD
    0x08002320   0x08002320   0x0000009c   Code   RO          192    i.LED_SPI_Update    bsp_led.o
    0x080023bc   0x080023bc   0x00000020   Code   RO          193    i.LED_SPI_WriteByte  bsp_led.o
    0x080023dc   0x080023dc   0x00000004   Code   RO          671    i.MemManage_Handler  stm32f10x_it.o
    0x080023e0   0x080023e0   0x00000002   Code   RO          672    i.NMI_Handler       stm32f10x_it.o
    0x080023e2   0x080023e2   0x00000002   PAD
    0x080023e4   0x080023e4   0x00000070   Code   RO         2403    i.NVIC_Init         misc.o
    0x08002454   0x08002454   0x00000014   Code   RO         2404    i.NVIC_PriorityGroupConfig  misc.o
    0x08002468   0x08002468   0x00000002   Code   RO          673    i.PendSV_Handler    stm32f10x_it.o
    0x0800246a   0x0800246a   0x00000002   PAD
    0x0800246c   0x0800246c   0x00000018   Code   RO         2195    i.RCC_ADCCLKConfig  stm32f10x_rcc.o
    0x08002484   0x08002484   0x00000020   Code   RO         2196    i.RCC_AHBPeriphClockCmd  stm32f10x_rcc.o
    0x080024a4   0x080024a4   0x00000020   Code   RO         2197    i.RCC_APB1PeriphClockCmd  stm32f10x_rcc.o
    0x080024c4   0x080024c4   0x00000020   Code   RO         2198    i.RCC_APB1PeriphResetCmd  stm32f10x_rcc.o
    0x080024e4   0x080024e4   0x00000020   Code   RO         2199    i.RCC_APB2PeriphClockCmd  stm32f10x_rcc.o
    0x08002504   0x08002504   0x00000020   Code   RO         2200    i.RCC_APB2PeriphResetCmd  stm32f10x_rcc.o
    0x08002524   0x08002524   0x000000d4   Code   RO         2207    i.RCC_GetClocksFreq  stm32f10x_rcc.o
    0x080025f8   0x080025f8   0x0000002c   Code   RO          885    i.RS485_InitTXE     bsp_uart_fifo.o
    0x08002624   0x08002624   0x00000002   Code   RO          886    i.RS485_ReciveNew   bsp_uart_fifo.o
    0x08002626   0x08002626   0x00000002   PAD
    0x08002628   0x08002628   0x0000000c   Code   RO          887    i.RS485_SendBefor   bsp_uart_fifo.o
    0x08002634   0x08002634   0x0000000c   Code   RO          889    i.RS485_SendOver    bsp_uart_fifo.o
    0x08002640   0x08002640   0x00000018   Code   RO         1850    i.RUN_GUESS         guess.o
    0x08002658   0x08002658   0x00000024   Code   RO         1750    i.RUN_SNK           snake.o
    0x0800267c   0x0800267c   0x0000019c   Code   RO         1751    i.Run_Ahead         snake.o
    0x08002818   0x08002818   0x00000440   Code   RO         1752    i.Run_SNAKE         snake.o
    0x08002c58   0x08002c58   0x00000018   Code   RO         3276    i.SPI_Cmd           stm32f10x_spi.o
    0x08002c70   0x08002c70   0x00000012   Code   RO         3282    i.SPI_I2S_DMACmd    stm32f10x_spi.o
    0x08002c82   0x08002c82   0x00000002   PAD
    0x08002c84   0x08002c84   0x00000058   Code   RO         3283    i.SPI_I2S_DeInit    stm32f10x_spi.o
    0x08002cdc   0x08002cdc   0x00000012   Code   RO         3284    i.SPI_I2S_GetFlagStatus  stm32f10x_spi.o
    0x08002cee   0x08002cee   0x00000006   Code   RO         3287    i.SPI_I2S_ReceiveData  stm32f10x_spi.o
    0x08002cf4   0x08002cf4   0x00000004   Code   RO         3288    i.SPI_I2S_SendData  stm32f10x_spi.o
    0x08002cf8   0x08002cf8   0x0000003c   Code   RO         3289    i.SPI_Init          stm32f10x_spi.o
    0x08002d34   0x08002d34   0x00000002   Code   RO          674    i.SVC_Handler       stm32f10x_it.o
    0x08002d36   0x08002d36   0x00000008   Code   RO         3653    i.SetSysClock       system_stm32f10x.o
    0x08002d3e   0x08002d3e   0x00000002   PAD
    0x08002d40   0x08002d40   0x000000e0   Code   RO         3654    i.SetSysClockTo72   system_stm32f10x.o
    0x08002e20   0x08002e20   0x00000008   Code   RO          497    i.SysTick_Handler   bsp_timer.o
    0x08002e28   0x08002e28   0x00000084   Code   RO          498    i.SysTick_ISR       bsp_timer.o
    0x08002eac   0x08002eac   0x00000060   Code   RO         3656    i.SystemInit        system_stm32f10x.o
    0x08002f0c   0x08002f0c   0x0000009c   Code   RO          499    i.TIM2_IRQHandler   bsp_timer.o
    0x08002fa8   0x08002fa8   0x00000018   Code   RO         2451    i.TIM_ARRPreloadConfig  stm32f10x_tim.o
    0x08002fc0   0x08002fc0   0x00000006   Code   RO         2458    i.TIM_ClearITPendingBit  stm32f10x_tim.o
    0x08002fc6   0x08002fc6   0x00000018   Code   RO         2463    i.TIM_Cmd           stm32f10x_tim.o
    0x08002fde   0x08002fde   0x0000001e   Code   RO         2465    i.TIM_CtrlPWMOutputs  stm32f10x_tim.o
    0x08002ffc   0x08002ffc   0x00000022   Code   RO         2484    i.TIM_GetITStatus   stm32f10x_tim.o
    0x0800301e   0x0800301e   0x00000012   Code   RO         2488    i.TIM_ITConfig      stm32f10x_tim.o
    0x08003030   0x08003030   0x00000098   Code   RO         2492    i.TIM_OC1Init       stm32f10x_tim.o
    0x080030c8   0x080030c8   0x00000012   Code   RO         2495    i.TIM_OC1PreloadConfig  stm32f10x_tim.o
    0x080030da   0x080030da   0x00000002   PAD
    0x080030dc   0x080030dc   0x000000a4   Code   RO         2497    i.TIM_OC2Init       stm32f10x_tim.o
    0x08003180   0x08003180   0x0000001a   Code   RO         2500    i.TIM_OC2PreloadConfig  stm32f10x_tim.o
    0x0800319a   0x0800319a   0x00000002   PAD
    0x0800319c   0x0800319c   0x000000a0   Code   RO         2502    i.TIM_OC3Init       stm32f10x_tim.o
    0x0800323c   0x0800323c   0x00000012   Code   RO         2505    i.TIM_OC3PreloadConfig  stm32f10x_tim.o
    0x0800324e   0x0800324e   0x00000002   PAD
    0x08003250   0x08003250   0x0000007c   Code   RO         2507    i.TIM_OC4Init       stm32f10x_tim.o
    0x080032cc   0x080032cc   0x0000001a   Code   RO         2509    i.TIM_OC4PreloadConfig  stm32f10x_tim.o
    0x080032e6   0x080032e6   0x00000014   Code   RO         2510    i.TIM_OCStructInit  stm32f10x_tim.o
    0x080032fa   0x080032fa   0x00000006   Code   RO         2527    i.TIM_SetCompare4   stm32f10x_tim.o
    0x08003300   0x08003300   0x000000a4   Code   RO         2534    i.TIM_TimeBaseInit  stm32f10x_tim.o
    0x080033a4   0x080033a4   0x0000001e   Code   RO         1753    i.Trun_Off_Point    snake.o
    0x080033c2   0x080033c2   0x00000020   Code   RO         1754    i.Trun_On_Point     snake.o
    0x080033e2   0x080033e2   0x00000002   PAD
    0x080033e4   0x080033e4   0x00000010   Code   RO          891    i.USART1_IRQHandler  bsp_uart_fifo.o
    0x080033f4   0x080033f4   0x00000010   Code   RO          892    i.USART2_IRQHandler  bsp_uart_fifo.o
    0x08003404   0x08003404   0x00000010   Code   RO          893    i.USART3_IRQHandler  bsp_uart_fifo.o
    0x08003414   0x08003414   0x00000012   Code   RO         3003    i.USART_ClearFlag   stm32f10x_usart.o
    0x08003426   0x08003426   0x00000018   Code   RO         3007    i.USART_Cmd         stm32f10x_usart.o
    0x0800343e   0x0800343e   0x00000054   Code   RO         3011    i.USART_GetITStatus  stm32f10x_usart.o
    0x08003492   0x08003492   0x0000004a   Code   RO         3013    i.USART_ITConfig    stm32f10x_usart.o
    0x080034dc   0x080034dc   0x000000d8   Code   RO         3014    i.USART_Init        stm32f10x_usart.o
    0x080035b4   0x080035b4   0x0000000a   Code   RO         3021    i.USART_ReceiveData  stm32f10x_usart.o
    0x080035be   0x080035be   0x00000008   Code   RO         3024    i.USART_SendData    stm32f10x_usart.o
    0x080035c6   0x080035c6   0x00000002   PAD
    0x080035c8   0x080035c8   0x0000000c   Code   RO          675    i.USB_LP_CAN1_RX0_IRQHandler  stm32f10x_it.o
    0x080035d4   0x080035d4   0x000000e6   Code   RO          895    i.UartIRQ           bsp_uart_fifo.o
    0x080036ba   0x080036ba   0x00000072   Code   RO          896    i.UartSend          bsp_uart_fifo.o
    0x0800372c   0x0800372c   0x000000c4   Code   RO          897    i.UartVarInit       bsp_uart_fifo.o
    0x080037f0   0x080037f0   0x00000004   Code   RO          676    i.UsageFault_Handler  stm32f10x_it.o
    0x080037f4   0x080037f4   0x00000006   Code   RO          500    i.__set_PRIMASK     bsp_timer.o
    0x080037fa   0x080037fa   0x00000006   Code   RO          898    i.__set_PRIMASK     bsp_uart_fifo.o
    0x08003800   0x08003800   0x0000000e   Code   RO         3757    i._is_digit         c_w.l(__printf_wp.o)
    0x0800380e   0x0800380e   0x00000004   Code   RO          899    i._sys_exit         bsp_uart_fifo.o
    0x08003812   0x08003812   0x00000002   PAD
    0x08003814   0x08003814   0x00000048   Code   RO         1677    i.bsp_CmpCpuFlash   bsp_cpu_flash.o
    0x0800385c   0x0800385c   0x0000002e   Code   RO         1621    i.bsp_ConfigGpioOut  bsp_tim_pwm.o
    0x0800388a   0x0800388a   0x00000002   PAD
    0x0800388c   0x0800388c   0x00000068   Code   RO         1622    i.bsp_ConfigTimGpio  bsp_tim_pwm.o
    0x080038f4   0x080038f4   0x00000044   Code   RO          503    i.bsp_DelayMS       bsp_timer.o
    0x08003938   0x08003938   0x000000cc   Code   RO          764    i.bsp_DetectKey     bsp_key.o
    0x08003a04   0x08003a04   0x00000030   Code   RO         1715    i.bsp_GetAdc        bsp_adc.o
    0x08003a34   0x08003a34   0x00000026   Code   RO         1716    i.bsp_GetAdc_Average  bsp_adc.o
    0x08003a5a   0x08003a5a   0x00000002   PAD
    0x08003a5c   0x08003a5c   0x00000034   Code   RO          765    i.bsp_GetKey        bsp_key.o
    0x08003a90   0x08003a90   0x00000068   Code   RO         1623    i.bsp_GetRCCofGPIO  bsp_tim_pwm.o
    0x08003af8   0x08003af8   0x000000cc   Code   RO         1624    i.bsp_GetRCCofTIM   bsp_tim_pwm.o
    0x08003bc4   0x08003bc4   0x0000000a   Code   RO         1678    i.bsp_GetSector     bsp_cpu_flash.o
    0x08003bce   0x08003bce   0x00000002   Code   RO          624    i.bsp_Idle          bsp.o
    0x08003bd0   0x08003bd0   0x00000028   Code   RO          625    i.bsp_Init          bsp.o
    0x08003bf8   0x08003bf8   0x0000008c   Code   RO         1717    i.bsp_InitAdc       bsp_adc.o
    0x08003c84   0x08003c84   0x00000068   Code   RO          507    i.bsp_InitHardTimer  bsp_timer.o
    0x08003cec   0x08003cec   0x0000000c   Code   RO          768    i.bsp_InitKey       bsp_key.o
    0x08003cf8   0x08003cf8   0x000000a8   Code   RO          769    i.bsp_InitKeyHard   bsp_key.o
    0x08003da0   0x08003da0   0x000000d8   Code   RO          770    i.bsp_InitKeyVar    bsp_key.o
    0x08003e78   0x08003e78   0x0000007c   Code   RO         1077    i.bsp_InitSPIBus    bsp_spi_bus.o
    0x08003ef4   0x08003ef4   0x000000a0   Code   RO          508    i.bsp_InitTimer     bsp_timer.o
    0x08003f94   0x08003f94   0x00000014   Code   RO          901    i.bsp_InitUart      bsp_uart_fifo.o
    0x08003fa8   0x08003fa8   0x00000016   Code   RO          771    i.bsp_KeyScan       bsp_key.o
    0x08003fbe   0x08003fbe   0x00000002   PAD
    0x08003fc0   0x08003fc0   0x00000020   Code   RO          772    i.bsp_PutKey        bsp_key.o
    0x08003fe0   0x08003fe0   0x00000030   Code   RO         1679    i.bsp_ReadCpuFlash  bsp_cpu_flash.o
    0x08004010   0x08004010   0x00000008   Code   RO          626    i.bsp_RunPer10ms    bsp.o
    0x08004018   0x08004018   0x00000002   Code   RO          627    i.bsp_RunPer1ms     bsp.o
    0x0800401a   0x0800401a   0x00000002   PAD
    0x0800401c   0x0800401c   0x0000002c   Code   RO         1078    i.bsp_SPI_Init      bsp_spi_bus.o
    0x08004048   0x08004048   0x000001c4   Code   RO         1625    i.bsp_SetTIMOutPWM  bsp_tim_pwm.o
    0x0800420c   0x0800420c   0x0000001c   Code   RO          509    i.bsp_SoftTimerDec  bsp_timer.o
    0x08004228   0x08004228   0x0000009c   Code   RO          510    i.bsp_StartAutoTimer  bsp_timer.o
    0x080042c4   0x080042c4   0x000000bc   Code   RO         1680    i.bsp_WriteCpuFlash  bsp_cpu_flash.o
    0x08004380   0x08004380   0x00000034   Code   RO         1085    i.bsp_spiWrite1     bsp_spi_bus.o
    0x080043b4   0x080043b4   0x0000002e   Code   RO          908    i.comSendBuf        bsp_uart_fifo.o
    0x080043e2   0x080043e2   0x00000010   Code   RO          909    i.comSendChar       bsp_uart_fifo.o
    0x080043f2   0x080043f2   0x00000036   Code   RO         1196    i.display_num_format  bsp_tft.o
    0x08004428   0x08004428   0x00000050   Code   RO         1199    i.display_string_ascii  bsp_tft.o
    0x08004478   0x08004478   0x00000012   Code   RO          911    i.fputc             bsp_uart_fifo.o
    0x0800448a   0x0800448a   0x00000002   PAD
    0x0800448c   0x0800448c   0x000004a8   Code   RO         1851    i.guessnum          guess.o
    0x08004934   0x08004934   0x00000032   Code   RO         1817    i.image_display     image2lcd.o
    0x08004966   0x08004966   0x0000001e   Code   RO         1818    i.image_getcolor    image2lcd.o
    0x08004984   0x08004984   0x0000005a   Code   RO         1819    i.image_show        image2lcd.o
    0x080049de   0x080049de   0x00000002   PAD
    0x080049e0   0x080049e0   0x00000060   Code   RO         1200    i.lcd_cursor        bsp_tft.o
    0x08004a40   0x08004a40   0x00000064   Code   RO         1201    i.lcd_param         bsp_tft.o
    0x08004aa4   0x08004aa4   0x00000098   Code   RO         1202    i.lcd_set_window    bsp_tft.o
    0x08004b3c   0x08004b3c   0x00000100   Code   RO            3    i.main              main.o
    0x08004c3c   0x08004c3c   0x000000cc   Code   RO          197    i.shephardlabparty_start  bsp_led.o
    0x08004d08   0x08004d08   0x0000000c   Code   RO          198    i.ws2812_RGB_Color  bsp_led.o
    0x08004d14   0x08004d14   0x00000028   Code   RO          199    i.ws2812_clear      bsp_led.o
    0x08004d3c   0x08004d3c   0x0000004c   Code   RO          205    i.ws2812_setPixelColor  bsp_led.o
    0x08004d88   0x08004d88   0x00000078   Code   RO          208    i.ws2812_theaterChaseRainbow  bsp_led.o
    0x08004e00   0x08004e00   0x00000060   Code   RO          209    i.ws2812_wheel      bsp_led.o
    0x08004e60   0x08004e60   0x0000002c   Code   RO         3896    locale$$code        c_w.l(lc_ctype_c.o)
    0x08004e8c   0x08004e8c   0x0000a008   Data   RO          212    .constdata          bsp_led.o
    0x0800ee94   0x0800ee94   0x00000030   Data   RO          515    .constdata          bsp_timer.o
    0x0800eec4   0x0800eec4   0x000004fb   Data   RO         1204    .constdata          bsp_tft.o
    0x0800f3bf   0x0800f3bf   0x00000001   PAD
    0x0800f3c0   0x0800f3c0   0x00000008   Data   RO         3718    .constdata          c_w.l(_printf_wctomb.o)
    0x0800f3c8   0x0800f3c8   0x00000028   Data   RO         3730    .constdata          c_w.l(_printf_hex_int.o)
    0x0800f3f0   0x0800f3f0   0x00000011   Data   RO         3765    .constdata          c_w.l(__printf_flags_ss_wp.o)
    0x0800f401   0x0800f401   0x00000003   PAD
    0x0800f404   0x0800f404   0x00000020   Data   RO         3984    Region$$Table       anon$$obj.o
    0x0800f424   0x0800f424   0x00000110   Data   RO         3895    locale$$data        c_w.l(lc_ctype_c.o)


    Execution Region RW_IRAM1 (Exec base: 0x20000000, Load base: 0x0800f534, Size: 0x00002368, Max: 0x00005000, ABSOLUTE)

    Exec Addr    Load Addr    Size         Type   Attr      Idx    E Section Name        Object

    0x20000000   0x0800f534   0x00000001   Data   RW            5    .data               main.o
    0x20000001   0x0800f535   0x00000003   PAD
    0x20000004   0x0800f538   0x00000008   Data   RW          213    .data               bsp_led.o
    0x2000000c   0x0800f540   0x0000001d   Data   RW          516    .data               bsp_timer.o
    0x20000029   0x0800f55d   0x00000003   PAD
    0x2000002c   0x0800f560   0x00000008   Data   RW          913    .data               bsp_uart_fifo.o
    0x20000034   0x0800f568   0x0000000e   Data   RW         1205    .data               bsp_tft.o
    0x20000042   0x0800f576   0x00000006   Data   RW         1756    .data               snake.o
    0x20000048   0x0800f57c   0x0000000e   Data   RW         1852    .data               guess.o
    0x20000056   0x0800f58a   0x00000014   Data   RW         2227    .data               stm32f10x_rcc.o
    0x2000006a   0x0800f59e   0x00000002   PAD
    0x2000006c   0x0800f5a0   0x00000014   Data   RW         3657    .data               system_stm32f10x.o
    0x20000080        -       0x00000218   Zero   RW          211    .bss                bsp_led.o
    0x20000298        -       0x00000030   Zero   RW          514    .bss                bsp_timer.o
    0x200002c8        -       0x000000ad   Zero   RW          774    .bss                bsp_key.o
    0x20000375   0x0800f5b4   0x00000003   PAD
    0x20000378        -       0x00001878   Zero   RW          912    .bss                bsp_uart_fifo.o
    0x20001bf0        -       0x00000016   Zero   RW         1203    .bss                bsp_tft.o
    0x20001c06        -       0x00000018   Zero   RW         1755    .bss                snake.o
    0x20001c1e   0x0800f5b4   0x00000002   PAD
    0x20001c20        -       0x000000e4   Zero   RW         3778    .bss                c_w.l(rand.o)
    0x20001d04        -       0x00000060   Zero   RW         3913    .bss                c_w.l(libspace.o)
    0x20001d64   0x0800f5b4   0x00000004   PAD
    0x20001d68        -       0x00000200   Zero   RW         1883    HEAP                startup_stm32f10x_md.o
    0x20001f68        -       0x00000400   Zero   RW         1882    STACK               startup_stm32f10x_md.o


==============================================================================

Image component sizes


      Code (inc. data)   RO Data    RW Data    ZI Data      Debug   Object Name

        52          0          0          0          0       1715   bsp.o
       226         12          0          0          0       1716   bsp_adc.o
       318         14          0          0          0       3605   bsp_cpu_flash.o
       942        126          0          0        173       9158   bsp_key.o
      1078         88      40968          8        536     299840   bsp_led.o
       220         16          0          0          0       1580   bsp_spi_bus.o
      2838        172       1275         14         22      20951   bsp_tft.o
       910        118          0          0          0       4272   bsp_tim_pwm.o
       818        146         48         29         48      30390   bsp_timer.o
      1370        128          0          8       6264      12333   bsp_uart_fifo.o
      1620        228          0         14          0       2914   guess.o
       170          0          0          0          0       2338   image2lcd.o
       256         60          0          1          0       5150   main.o
       132         22          0          0          0       1671   misc.o
      2478        230          0          6         24       5792   snake.o
        64         26        236          0       1536        904   startup_stm32f10x_md.o
       486         24          0          0          0       9094   stm32f10x_adc.o
       456         18          0          0          0       5352   stm32f10x_dma.o
       286         36          0          0          0       4216   stm32f10x_flash.o
       432          6          0          0          0       3562   stm32f10x_gpio.o
        36          6          0          0          0       3949   stm32f10x_it.o
       396         56          0         20          0       7047   stm32f10x_rcc.o
       218         12          0          0          0       5340   stm32f10x_spi.o
      1014         92          0          0          0      11671   stm32f10x_tim.o
       434          6          0          0          0       6437   stm32f10x_usart.o
       328         28          0         20          0       2229   system_stm32f10x.o

    ----------------------------------------------------------------------
     17630       1670      42560        128       8608     463226   Object Totals
         0          0         32          0          0          0   (incl. Generated)
        52          0          1          8          5          0   (incl. Padding)

    ----------------------------------------------------------------------

      Code (inc. data)   RO Data    RW Data    ZI Data      Debug   Library Member Name

         8          0          0          0          0         68   __main.o
       392          4         17          0          0         92   __printf_flags_ss_wp.o
        14          0          0          0          0         68   __printf_wp.o
         0          0          0          0          0          0   __rtentry.o
        12          0          0          0          0          0   __rtentry2.o
         6          0          0          0          0          0   __rtentry4.o
        52          8          0          0          0          0   __scatter.o
        26          0          0          0          0          0   __scatter_copy.o
        28          0          0          0          0          0   __scatter_zi.o
         6          0          0          0          0          0   _printf_c.o
        44          0          0          0          0        108   _printf_char.o
        48          6          0          0          0         96   _printf_char_common.o
        36          4          0          0          0         80   _printf_char_file.o
         6          0          0          0          0          0   _printf_d.o
       120         16          0          0          0         92   _printf_dec.o
        88          4         40          0          0         88   _printf_hex_int.o
         6          0          0          0          0          0   _printf_i.o
       178          0          0          0          0         88   _printf_intcommon.o
        10          0          0          0          0          0   _printf_l.o
         6          0          0          0          0          0   _printf_lc.o
         6          0          0          0          0          0   _printf_o.o
        80          8          0          0          0         88   _printf_oct_int.o
        78          0          0          0          0        108   _printf_pad.o
         0          0          0          0          0          0   _printf_percent.o
         4          0          0          0          0          0   _printf_percent_end.o
         6          0          0          0          0          0   _printf_s.o
        82          0          0          0          0         80   _printf_str.o
        36          0          0          0          0         84   _printf_truncate.o
         6          0          0          0          0          0   _printf_u.o
        44          0          0          0          0        108   _printf_wchar.o
       188          6          8          0          0         92   _printf_wctomb.o
         6          0          0          0          0          0   _printf_x.o
        10          0          0          0          0         68   _sputc.o
        64          0          0          0          0         92   _wcrtomb.o
        18          0          0          0          0         80   exit.o
         8          0          0          0          0         68   ferror.o
         6          0          0          0          0        152   heapauxi.o
        44         10        272          0          0         76   lc_ctype_c.o
         2          0          0          0          0          0   libinit.o
        24          0          0          0          0          0   libinit2.o
         2          0          0          0          0          0   libshutdown.o
         2          0          0          0          0          0   libshutdown2.o
         8          4          0          0         96         68   libspace.o
        24          4          0          0          0         84   noretval__2printf.o
        40          6          0          0          0         84   noretval__2sprintf.o
       112         18          0          0        228        160   rand.o
        16          4          0          0          0         76   rt_ctype_table.o
         8          4          0          0          0         68   rt_locale_intlibspace.o
         2          0          0          0          0          0   rtexit.o
        10          0          0          0          0          0   rtexit2.o
       128          0          0          0          0         68   strcmpv7m.o
        74          0          0          0          0         80   sys_stackheap_outer.o
         2          0          0          0          0         68   use_no_semi.o
         2          0          0          0          0         68   use_no_semi_2.o

    ----------------------------------------------------------------------
      2242        106        340          0        328       2700   Library Totals
        14          0          3          0          4          0   (incl. Padding)

    ----------------------------------------------------------------------

      Code (inc. data)   RO Data    RW Data    ZI Data      Debug   Library Name

      2228        106        337          0        324       2700   c_w.l

    ----------------------------------------------------------------------
      2242        106        340          0        328       2700   Library Totals

    ----------------------------------------------------------------------

==============================================================================


      Code (inc. data)   RO Data    RW Data    ZI Data      Debug   

     19872       1776      42900        128       8936     454378   Grand Totals
     19872       1776      42900        128       8936     454378   ELF Image Totals
     19872       1776      42900        128          0          0   ROM Totals

==============================================================================

    Total RO  Size (Code + RO Data)                62772 (  61.30kB)
    Total RW  Size (RW Data + ZI Data)              9064 (   8.85kB)
    Total ROM Size (Code + RO Data + RW Data)      62900 (  61.43kB)

==============================================================================

